   1               		.file	"main.c"
   2               	__SREG__ = 0x3f
   3               	__SP_H__ = 0x3e
   4               	__SP_L__ = 0x3d
   5               	__CCP__  = 0x34
   6               	__tmp_reg__ = 0
   7               	__zero_reg__ = 1
  15               	.Ltext0:
  16               	.global	main
  18               	main:
  19               	.LFB7:
  20               	.LM1:
  21 0000 0F93      		push r16
  22 0002 1F93      		push r17
  23 0004 CF93      		push r28
  24 0006 DF93      		push r29
  25               	/* prologue: function */
  26               	/* frame size = 0 */
  27               	.LM2:
  28 0008 0E94 0000 		call SPI_MasterInit
  29               	.LM3:
  30 000c 8FEF      		ldi r24,lo8(-1)
  31 000e 8AB9      		out 42-32,r24
  32               	.LM4:
  33 0010 5B9A      		sbi 43-32,3
  34               	.LM5:
  35 0012 5D9A      		sbi 43-32,5
  36               	.LM6:
  37 0014 5E9A      		sbi 43-32,6
  38               	.LM7:
  39 0016 5C9A      		sbi 43-32,4
  40               	.LM8:
  41 0018 5F9A      		sbi 43-32,7
  42               	.LM9:
  43               	/* #APP */
  44               	 ;  71 "main.c" 1
  45 001a 7894      		sei
  46               	 ;  0 "" 2
  47               	/* #NOAPP */
  48               	.LBB564:
  49               	.LBB565:
  50               	.LBB566:
  51               	.LBB567:
  52               	.LM10:
  53 001c 12E4      		ldi r17,lo8(66)
  54               	.LBE567:
  55               	.LBE566:
  56               	.LBE565:
  57               	.LBE564:
  58               	.LBB571:
  59               	.LBB572:
  60               	.LBB573:
  61               	.LBB574:
  62               	.LBB575:
  63               	.LBB576:
  64               	.LM11:
  65 001e CCE2      		ldi r28,lo8(300)
  66 0020 D1E0      		ldi r29,hi8(300)
  67               	.LBE576:
  68               	.LBE575:
  69               	.LBE574:
  70               	.LBE573:
  71               	.LBE572:
  72               	.LBE571:
  73               	.LBB582:
  74               	.LBB583:
  75               	.LBB584:
  76               	.LBB585:
  77               	.LM12:
  78 0022 05E8      		ldi r16,lo8(-123)
  79               	.L2:
  80               	.LBE585:
  81               	.LBE584:
  82               	.LBE583:
  83               	.LBE582:
  84               	.LM13:
  85 0024 5B98      		cbi 43-32,3
  86               	.LBB589:
  87               	.LBB570:
  88               	.LBB569:
  89               	.LBB568:
  90               	.LM14:
  91 0026 812F      		mov r24,r17
  92               	.LVL0:
  93               	/* #APP */
  94               	 ;  83 "d:/ee programs/winavr-20100110/lib/gcc/../../avr/include/util/delay_basic.h" 1
  95 0028 8A95      		1: dec r24
  96 002a 01F4      		brne 1b
  97               	 ;  0 "" 2
  98               	/* #NOAPP */
  99               	.LBE568:
 100               	.LBE569:
 101               	.LBE570:
 102               	.LBE589:
 103               	.LM15:
 104 002c 88E5      		ldi r24,lo8(88)
 105               	.LVL1:
 106 002e 0E94 0000 		call SPI_putc
 107               	.LBB590:
 108               	.LBB591:
 109               	.LBB592:
 110               	.LBB593:
 111               	.LM16:
 112 0032 812F      		mov r24,r17
 113               	.LVL2:
 114               	/* #APP */
 115               	 ;  83 "d:/ee programs/winavr-20100110/lib/gcc/../../avr/include/util/delay_basic.h" 1
 116 0034 8A95      		1: dec r24
 117 0036 01F4      		brne 1b
 118               	 ;  0 "" 2
 119               	/* #NOAPP */
 120               	.LBE593:
 121               	.LBE592:
 122               	.LBE591:
 123               	.LBE590:
 124               	.LM17:
 125 0038 80E0      		ldi r24,lo8(0)
 126               	.LVL3:
 127 003a 0E94 0000 		call SPI_putc
 128               	.LBB594:
 129               	.LBB595:
 130               	.LBB596:
 131               	.LBB597:
 132               	.LM18:
 133 003e 812F      		mov r24,r17
 134               	.LVL4:
 135               	/* #APP */
 136               	 ;  83 "d:/ee programs/winavr-20100110/lib/gcc/../../avr/include/util/delay_basic.h" 1
 137 0040 8A95      		1: dec r24
 138 0042 01F4      		brne 1b
 139               	 ;  0 "" 2
 140               	/* #NOAPP */
 141               	.LBE597:
 142               	.LBE596:
 143               	.LBE595:
 144               	.LBE594:
 145               	.LM19:
 146 0044 0E94 0000 		call SPI_getc
 147               	.LVL5:
 148 0048 8093 0000 		sts X_AXIS,r24
 149               	.LM20:
 150 004c 89E5      		ldi r24,lo8(89)
 151 004e 0E94 0000 		call SPI_putc
 152               	.LBB598:
 153               	.LBB599:
 154               	.LBB600:
 155               	.LBB601:
 156               	.LM21:
 157 0052 812F      		mov r24,r17
 158               	.LVL6:
 159               	/* #APP */
 160               	 ;  83 "d:/ee programs/winavr-20100110/lib/gcc/../../avr/include/util/delay_basic.h" 1
 161 0054 8A95      		1: dec r24
 162 0056 01F4      		brne 1b
 163               	 ;  0 "" 2
 164               	/* #NOAPP */
 165               	.LBE601:
 166               	.LBE600:
 167               	.LBE599:
 168               	.LBE598:
 169               	.LM22:
 170 0058 80E0      		ldi r24,lo8(0)
 171               	.LVL7:
 172 005a 0E94 0000 		call SPI_putc
 173               	.LBB602:
 174               	.LBB603:
 175               	.LBB604:
 176               	.LBB605:
 177               	.LM23:
 178 005e 812F      		mov r24,r17
 179               	.LVL8:
 180               	/* #APP */
 181               	 ;  83 "d:/ee programs/winavr-20100110/lib/gcc/../../avr/include/util/delay_basic.h" 1
 182 0060 8A95      		1: dec r24
 183 0062 01F4      		brne 1b
 184               	 ;  0 "" 2
 185               	/* #NOAPP */
 186               	.LBE605:
 187               	.LBE604:
 188               	.LBE603:
 189               	.LBE602:
 190               	.LM24:
 191 0064 0E94 0000 		call SPI_getc
 192               	.LVL9:
 193 0068 8093 0000 		sts Y_AXIS,r24
 194               	.LM25:
 195 006c 8AE5      		ldi r24,lo8(90)
 196 006e 0E94 0000 		call SPI_putc
 197               	.LBB606:
 198               	.LBB607:
 199               	.LBB608:
 200               	.LBB609:
 201               	.LM26:
 202 0072 812F      		mov r24,r17
 203               	.LVL10:
 204               	/* #APP */
 205               	 ;  83 "d:/ee programs/winavr-20100110/lib/gcc/../../avr/include/util/delay_basic.h" 1
 206 0074 8A95      		1: dec r24
 207 0076 01F4      		brne 1b
 208               	 ;  0 "" 2
 209               	/* #NOAPP */
 210               	.LBE609:
 211               	.LBE608:
 212               	.LBE607:
 213               	.LBE606:
 214               	.LM27:
 215 0078 80E0      		ldi r24,lo8(0)
 216               	.LVL11:
 217 007a 0E94 0000 		call SPI_putc
 218               	.LBB610:
 219               	.LBB611:
 220               	.LBB612:
 221               	.LBB613:
 222               	.LM28:
 223 007e 812F      		mov r24,r17
 224               	.LVL12:
 225               	/* #APP */
 226               	 ;  83 "d:/ee programs/winavr-20100110/lib/gcc/../../avr/include/util/delay_basic.h" 1
 227 0080 8A95      		1: dec r24
 228 0082 01F4      		brne 1b
 229               	 ;  0 "" 2
 230               	/* #NOAPP */
 231               	.LBE613:
 232               	.LBE612:
 233               	.LBE611:
 234               	.LBE610:
 235               	.LM29:
 236 0084 0E94 0000 		call SPI_getc
 237               	.LVL13:
 238 0088 8093 0000 		sts Z_AXIS,r24
 239               	.LM30:
 240 008c 5B9A      		sbi 43-32,3
 241               	.LM31:
 242 008e 5E98      		cbi 43-32,6
 243               	.LBB614:
 244               	.LBB615:
 245               	.LBB616:
 246               	.LBB617:
 247               	.LM32:
 248 0090 812F      		mov r24,r17
 249               	.LVL14:
 250               	/* #APP */
 251               	 ;  83 "d:/ee programs/winavr-20100110/lib/gcc/../../avr/include/util/delay_basic.h" 1
 252 0092 8A95      		1: dec r24
 253 0094 01F4      		brne 1b
 254               	 ;  0 "" 2
 255               	/* #NOAPP */
 256               	.LBE617:
 257               	.LBE616:
 258               	.LBE615:
 259               	.LBE614:
 260               	.LM33:
 261 0096 8CE4      		ldi r24,lo8(76)
 262               	.LVL15:
 263 0098 0E94 0000 		call SPI_putc
 264               	.LBB618:
 265               	.LBB619:
 266               	.LBB620:
 267               	.LBB621:
 268               	.LM34:
 269 009c 812F      		mov r24,r17
 270               	.LVL16:
 271               	/* #APP */
 272               	 ;  83 "d:/ee programs/winavr-20100110/lib/gcc/../../avr/include/util/delay_basic.h" 1
 273 009e 8A95      		1: dec r24
 274 00a0 01F4      		brne 1b
 275               	 ;  0 "" 2
 276               	/* #NOAPP */
 277               	.LBE621:
 278               	.LBE620:
 279               	.LBE619:
 280               	.LBE618:
 281               	.LM35:
 282 00a2 80E0      		ldi r24,lo8(0)
 283               	.LVL17:
 284 00a4 0E94 0000 		call SPI_putc
 285               	.LBB622:
 286               	.LBB623:
 287               	.LBB624:
 288               	.LBB625:
 289               	.LM36:
 290 00a8 812F      		mov r24,r17
 291               	.LVL18:
 292               	/* #APP */
 293               	 ;  83 "d:/ee programs/winavr-20100110/lib/gcc/../../avr/include/util/delay_basic.h" 1
 294 00aa 8A95      		1: dec r24
 295 00ac 01F4      		brne 1b
 296               	 ;  0 "" 2
 297               	/* #NOAPP */
 298               	.LBE625:
 299               	.LBE624:
 300               	.LBE623:
 301               	.LBE622:
 302               	.LM37:
 303 00ae 0E94 0000 		call SPI_getc
 304               	.LVL19:
 305 00b2 8093 0000 		sts LIGHT,r24
 306               	.LM38:
 307 00b6 5E9A      		sbi 43-32,6
 308               	.LM39:
 309 00b8 5C98      		cbi 43-32,4
 310               	.LBB626:
 311               	.LBB627:
 312               	.LBB628:
 313               	.LBB629:
 314               	.LM40:
 315 00ba 812F      		mov r24,r17
 316               	.LVL20:
 317               	/* #APP */
 318               	 ;  83 "d:/ee programs/winavr-20100110/lib/gcc/../../avr/include/util/delay_basic.h" 1
 319 00bc 8A95      		1: dec r24
 320 00be 01F4      		brne 1b
 321               	 ;  0 "" 2
 322               	/* #NOAPP */
 323               	.LBE629:
 324               	.LBE628:
 325               	.LBE627:
 326               	.LBE626:
 327               	.LM41:
 328 00c0 82E5      		ldi r24,lo8(82)
 329               	.LVL21:
 330 00c2 0E94 0000 		call SPI_putc
 331               	.LBB630:
 332               	.LBB581:
 333               	.LBB580:
 334               	.LBB579:
 335               	.LBB578:
 336               	.LBB577:
 337               	.LM42:
 338 00c6 CE01      		movw r24,r28
 339               	.LVL22:
 340               	/* #APP */
 341               	 ;  105 "d:/ee programs/winavr-20100110/lib/gcc/../../avr/include/util/delay_basic.h" 1
 342 00c8 0197      		1: sbiw r24,1
 343 00ca 01F4      		brne 1b
 344               	 ;  0 "" 2
 345               	/* #NOAPP */
 346               	.LBE577:
 347               	.LBE578:
 348               	.LBE579:
 349               	.LBE580:
 350               	.LBE581:
 351               	.LBE630:
 352               	.LM43:
 353 00cc 80E0      		ldi r24,lo8(0)
 354               	.LVL23:
 355 00ce 0E94 0000 		call SPI_putc
 356               	.LBB631:
 357               	.LBB632:
 358               	.LBB633:
 359               	.LBB634:
 360               	.LM44:
 361 00d2 812F      		mov r24,r17
 362               	.LVL24:
 363               	/* #APP */
 364               	 ;  83 "d:/ee programs/winavr-20100110/lib/gcc/../../avr/include/util/delay_basic.h" 1
 365 00d4 8A95      		1: dec r24
 366 00d6 01F4      		brne 1b
 367               	 ;  0 "" 2
 368               	/* #NOAPP */
 369               	.LBE634:
 370               	.LBE633:
 371               	.LBE632:
 372               	.LBE631:
 373               	.LM45:
 374 00d8 0E94 0000 		call SPI_getc
 375               	.LVL25:
 376 00dc 8093 0000 		sts RANGE,r24
 377               	.LM46:
 378 00e0 5C9A      		sbi 43-32,4
 379               	.LM47:
 380 00e2 5D98      		cbi 43-32,5
 381               	.LBB635:
 382               	.LBB588:
 383               	.LBB587:
 384               	.LBB586:
 385               	.LM48:
 386 00e4 802F      		mov r24,r16
 387               	.LVL26:
 388               	/* #APP */
 389               	 ;  83 "d:/ee programs/winavr-20100110/lib/gcc/../../avr/include/util/delay_basic.h" 1
 390 00e6 8A95      		1: dec r24
 391 00e8 01F4      		brne 1b
 392               	 ;  0 "" 2
 393               	/* #NOAPP */
 394               	.LBE586:
 395               	.LBE587:
 396               	.LBE588:
 397               	.LBE635:
 398               	.LM49:
 399 00ea 81E4      		ldi r24,lo8(65)
 400               	.LVL27:
 401 00ec 0E94 0000 		call SPI_putc
 402               	.LBB636:
 403               	.LBB637:
 404               	.LBB638:
 405               	.LBB639:
 406               	.LM50:
 407 00f0 802F      		mov r24,r16
 408               	.LVL28:
 409               	/* #APP */
 410               	 ;  83 "d:/ee programs/winavr-20100110/lib/gcc/../../avr/include/util/delay_basic.h" 1
 411 00f2 8A95      		1: dec r24
 412 00f4 01F4      		brne 1b
 413               	 ;  0 "" 2
 414               	/* #NOAPP */
 415               	.LBE639:
 416               	.LBE638:
 417               	.LBE637:
 418               	.LBE636:
 419               	.LM51:
 420 00f6 80E0      		ldi r24,lo8(0)
 421               	.LVL29:
 422 00f8 0E94 0000 		call SPI_putc
 423               	.LBB640:
 424               	.LBB641:
 425               	.LBB642:
 426               	.LBB643:
 427               	.LM52:
 428 00fc 802F      		mov r24,r16
 429               	.LVL30:
 430               	/* #APP */
 431               	 ;  83 "d:/ee programs/winavr-20100110/lib/gcc/../../avr/include/util/delay_basic.h" 1
 432 00fe 8A95      		1: dec r24
 433 0100 01F4      		brne 1b
 434               	 ;  0 "" 2
 435               	/* #NOAPP */
 436               	.LBE643:
 437               	.LBE642:
 438               	.LBE641:
 439               	.LBE640:
 440               	.LM53:
 441 0102 0E94 0000 		call SPI_getc
 442               	.LVL31:
 443 0106 8093 0000 		sts HALTITUDE,r24
 444               	.LM54:
 445 010a 80E0      		ldi r24,lo8(0)
 446 010c 0E94 0000 		call SPI_putc
 447               	.LBB644:
 448               	.LBB645:
 449               	.LBB646:
 450               	.LBB647:
 451               	.LM55:
 452 0110 802F      		mov r24,r16
 453               	.LVL32:
 454               	/* #APP */
 455               	 ;  83 "d:/ee programs/winavr-20100110/lib/gcc/../../avr/include/util/delay_basic.h" 1
 456 0112 8A95      		1: dec r24
 457 0114 01F4      		brne 1b
 458               	 ;  0 "" 2
 459               	/* #NOAPP */
 460               	.LBE647:
 461               	.LBE646:
 462               	.LBE645:
 463               	.LBE644:
 464               	.LM56:
 465 0116 0E94 0000 		call SPI_getc
 466               	.LVL33:
 467 011a 8093 0000 		sts LALTITUDE,r24
 468               	.LM57:
 469 011e 86E5      		ldi r24,lo8(86)
 470 0120 0E94 0000 		call SPI_putc
 471               	.LBB648:
 472               	.LBB649:
 473               	.LBB650:
 474               	.LBB651:
 475               	.LM58:
 476 0124 802F      		mov r24,r16
 477               	.LVL34:
 478               	/* #APP */
 479               	 ;  83 "d:/ee programs/winavr-20100110/lib/gcc/../../avr/include/util/delay_basic.h" 1
 480 0126 8A95      		1: dec r24
 481 0128 01F4      		brne 1b
 482               	 ;  0 "" 2
 483               	/* #NOAPP */
 484               	.LBE651:
 485               	.LBE650:
 486               	.LBE649:
 487               	.LBE648:
 488               	.LM59:
 489 012a 80E0      		ldi r24,lo8(0)
 490               	.LVL35:
 491 012c 0E94 0000 		call SPI_putc
 492               	.LBB652:
 493               	.LBB653:
 494               	.LBB654:
 495               	.LBB655:
 496               	.LM60:
 497 0130 802F      		mov r24,r16
 498               	.LVL36:
 499               	/* #APP */
 500               	 ;  83 "d:/ee programs/winavr-20100110/lib/gcc/../../avr/include/util/delay_basic.h" 1
 501 0132 8A95      		1: dec r24
 502 0134 01F4      		brne 1b
 503               	 ;  0 "" 2
 504               	/* #NOAPP */
 505               	.LBE655:
 506               	.LBE654:
 507               	.LBE653:
 508               	.LBE652:
 509               	.LM61:
 510 0136 0E94 0000 		call SPI_getc
 511               	.LVL37:
 512 013a 8093 0000 		sts HSPEED,r24
 513               	.LM62:
 514 013e 80E0      		ldi r24,lo8(0)
 515 0140 0E94 0000 		call SPI_putc
 516               	.LBB656:
 517               	.LBB657:
 518               	.LBB658:
 519               	.LBB659:
 520               	.LM63:
 521 0144 802F      		mov r24,r16
 522               	.LVL38:
 523               	/* #APP */
 524               	 ;  83 "d:/ee programs/winavr-20100110/lib/gcc/../../avr/include/util/delay_basic.h" 1
 525 0146 8A95      		1: dec r24
 526 0148 01F4      		brne 1b
 527               	 ;  0 "" 2
 528               	/* #NOAPP */
 529               	.LBE659:
 530               	.LBE658:
 531               	.LBE657:
 532               	.LBE656:
 533               	.LM64:
 534 014a 0E94 0000 		call SPI_getc
 535               	.LVL39:
 536 014e 8093 0000 		sts LSPEED,r24
 537               	.LM65:
 538 0152 82E4      		ldi r24,lo8(66)
 539 0154 0E94 0000 		call SPI_putc
 540               	.LBB660:
 541               	.LBB661:
 542               	.LBB662:
 543               	.LBB663:
 544               	.LM66:
 545 0158 802F      		mov r24,r16
 546               	.LVL40:
 547               	/* #APP */
 548               	 ;  83 "d:/ee programs/winavr-20100110/lib/gcc/../../avr/include/util/delay_basic.h" 1
 549 015a 8A95      		1: dec r24
 550 015c 01F4      		brne 1b
 551               	 ;  0 "" 2
 552               	/* #NOAPP */
 553               	.LBE663:
 554               	.LBE662:
 555               	.LBE661:
 556               	.LBE660:
 557               	.LM67:
 558 015e 80E0      		ldi r24,lo8(0)
 559               	.LVL41:
 560 0160 0E94 0000 		call SPI_putc
 561               	.LBB664:
 562               	.LBB665:
 563               	.LBB666:
 564               	.LBB667:
 565               	.LM68:
 566 0164 802F      		mov r24,r16
 567               	.LVL42:
 568               	/* #APP */
 569               	 ;  83 "d:/ee programs/winavr-20100110/lib/gcc/../../avr/include/util/delay_basic.h" 1
 570 0166 8A95      		1: dec r24
 571 0168 01F4      		brne 1b
 572               	 ;  0 "" 2
 573               	/* #NOAPP */
 574               	.LBE667:
 575               	.LBE666:
 576               	.LBE665:
 577               	.LBE664:
 578               	.LM69:
 579 016a 0E94 0000 		call SPI_getc
 580               	.LVL43:
 581 016e 8093 0000 		sts HBEARING,r24
 582               	.LM70:
 583 0172 80E0      		ldi r24,lo8(0)
 584 0174 0E94 0000 		call SPI_putc
 585               	.LBB668:
 586               	.LBB669:
 587               	.LBB670:
 588               	.LBB671:
 589               	.LM71:
 590 0178 802F      		mov r24,r16
 591               	.LVL44:
 592               	/* #APP */
 593               	 ;  83 "d:/ee programs/winavr-20100110/lib/gcc/../../avr/include/util/delay_basic.h" 1
 594 017a 8A95      		1: dec r24
 595 017c 01F4      		brne 1b
 596               	 ;  0 "" 2
 597               	/* #NOAPP */
 598               	.LBE671:
 599               	.LBE670:
 600               	.LBE669:
 601               	.LBE668:
 602               	.LM72:
 603 017e 0E94 0000 		call SPI_getc
 604               	.LVL45:
 605 0182 8093 0000 		sts LBEARING,r24
 606               	.LM73:
 607 0186 88E4      		ldi r24,lo8(72)
 608 0188 0E94 0000 		call SPI_putc
 609               	.LBB672:
 610               	.LBB673:
 611               	.LBB674:
 612               	.LBB675:
 613               	.LM74:
 614 018c 802F      		mov r24,r16
 615               	.LVL46:
 616               	/* #APP */
 617               	 ;  83 "d:/ee programs/winavr-20100110/lib/gcc/../../avr/include/util/delay_basic.h" 1
 618 018e 8A95      		1: dec r24
 619 0190 01F4      		brne 1b
 620               	 ;  0 "" 2
 621               	/* #NOAPP */
 622               	.LBE675:
 623               	.LBE674:
 624               	.LBE673:
 625               	.LBE672:
 626               	.LM75:
 627 0192 80E0      		ldi r24,lo8(0)
 628               	.LVL47:
 629 0194 0E94 0000 		call SPI_putc
 630               	.LBB676:
 631               	.LBB677:
 632               	.LBB678:
 633               	.LBB679:
 634               	.LM76:
 635 0198 802F      		mov r24,r16
 636               	.LVL48:
 637               	/* #APP */
 638               	 ;  83 "d:/ee programs/winavr-20100110/lib/gcc/../../avr/include/util/delay_basic.h" 1
 639 019a 8A95      		1: dec r24
 640 019c 01F4      		brne 1b
 641               	 ;  0 "" 2
 642               	/* #NOAPP */
 643               	.LBE679:
 644               	.LBE678:
 645               	.LBE677:
 646               	.LBE676:
 647               	.LM77:
 648 019e 0E94 0000 		call SPI_getc
 649               	.LVL49:
 650 01a2 8093 0000 		sts HOURS,r24
 651               	.LM78:
 652 01a6 8DE4      		ldi r24,lo8(77)
 653 01a8 0E94 0000 		call SPI_putc
 654               	.LBB680:
 655               	.LBB681:
 656               	.LBB682:
 657               	.LBB683:
 658               	.LM79:
 659 01ac 802F      		mov r24,r16
 660               	.LVL50:
 661               	/* #APP */
 662               	 ;  83 "d:/ee programs/winavr-20100110/lib/gcc/../../avr/include/util/delay_basic.h" 1
 663 01ae 8A95      		1: dec r24
 664 01b0 01F4      		brne 1b
 665               	 ;  0 "" 2
 666               	/* #NOAPP */
 667               	.LBE683:
 668               	.LBE682:
 669               	.LBE681:
 670               	.LBE680:
 671               	.LM80:
 672 01b2 80E0      		ldi r24,lo8(0)
 673               	.LVL51:
 674 01b4 0E94 0000 		call SPI_putc
 675               	.LBB684:
 676               	.LBB685:
 677               	.LBB686:
 678               	.LBB687:
 679               	.LM81:
 680 01b8 802F      		mov r24,r16
 681               	.LVL52:
 682               	/* #APP */
 683               	 ;  83 "d:/ee programs/winavr-20100110/lib/gcc/../../avr/include/util/delay_basic.h" 1
 684 01ba 8A95      		1: dec r24
 685 01bc 01F4      		brne 1b
 686               	 ;  0 "" 2
 687               	/* #NOAPP */
 688               	.LBE687:
 689               	.LBE686:
 690               	.LBE685:
 691               	.LBE684:
 692               	.LM82:
 693 01be 0E94 0000 		call SPI_getc
 694               	.LVL53:
 695 01c2 8093 0000 		sts MINUTES,r24
 696               	.LM83:
 697 01c6 83E5      		ldi r24,lo8(83)
 698 01c8 0E94 0000 		call SPI_putc
 699               	.LBB688:
 700               	.LBB689:
 701               	.LBB690:
 702               	.LBB691:
 703               	.LM84:
 704 01cc 802F      		mov r24,r16
 705               	.LVL54:
 706               	/* #APP */
 707               	 ;  83 "d:/ee programs/winavr-20100110/lib/gcc/../../avr/include/util/delay_basic.h" 1
 708 01ce 8A95      		1: dec r24
 709 01d0 01F4      		brne 1b
 710               	 ;  0 "" 2
 711               	/* #NOAPP */
 712               	.LBE691:
 713               	.LBE690:
 714               	.LBE689:
 715               	.LBE688:
 716               	.LM85:
 717 01d2 80E0      		ldi r24,lo8(0)
 718               	.LVL55:
 719 01d4 0E94 0000 		call SPI_putc
 720               	.LBB692:
 721               	.LBB693:
 722               	.LBB694:
 723               	.LBB695:
 724               	.LM86:
 725 01d8 802F      		mov r24,r16
 726               	.LVL56:
 727               	/* #APP */
 728               	 ;  83 "d:/ee programs/winavr-20100110/lib/gcc/../../avr/include/util/delay_basic.h" 1
 729 01da 8A95      		1: dec r24
 730 01dc 01F4      		brne 1b
 731               	 ;  0 "" 2
 732               	/* #NOAPP */
 733               	.LBE695:
 734               	.LBE694:
 735               	.LBE693:
 736               	.LBE692:
 737               	.LM87:
 738 01de 0E94 0000 		call SPI_getc
 739               	.LVL57:
 740 01e2 8093 0000 		sts SECONDS,r24
 741               	.LM88:
 742 01e6 5D9A      		sbi 43-32,5
 743               	.LM89:
 744 01e8 5F98      		cbi 43-32,7
 745               	.LBB696:
 746               	.LBB697:
 747               	.LBB698:
 748               	.LBB699:
 749               	.LM90:
 750 01ea 812F      		mov r24,r17
 751               	.LVL58:
 752               	/* #APP */
 753               	 ;  83 "d:/ee programs/winavr-20100110/lib/gcc/../../avr/include/util/delay_basic.h" 1
 754 01ec 8A95      		1: dec r24
 755 01ee 01F4      		brne 1b
 756               	 ;  0 "" 2
 757               	/* #NOAPP */
 758               	.LBE699:
 759               	.LBE698:
 760               	.LBE697:
 761               	.LBE696:
 762               	.LM91:
 763 01f0 88E7      		ldi r24,lo8(120)
 764               	.LVL59:
 765 01f2 0E94 0000 		call SPI_putc
 766               	.LBB700:
 767               	.LBB701:
 768               	.LBB702:
 769               	.LBB703:
 770               	.LM92:
 771 01f6 812F      		mov r24,r17
 772               	.LVL60:
 773               	/* #APP */
 774               	 ;  83 "d:/ee programs/winavr-20100110/lib/gcc/../../avr/include/util/delay_basic.h" 1
 775 01f8 8A95      		1: dec r24
 776 01fa 01F4      		brne 1b
 777               	 ;  0 "" 2
 778               	/* #NOAPP */
 779               	.LBE703:
 780               	.LBE702:
 781               	.LBE701:
 782               	.LBE700:
 783               	.LM93:
 784 01fc 8091 0000 		lds r24,X_AXIS
 785               	.LVL61:
 786 0200 0E94 0000 		call SPI_putc
 787               	.LBB704:
 788               	.LBB705:
 789               	.LBB706:
 790               	.LBB707:
 791               	.LM94:
 792 0204 812F      		mov r24,r17
 793               	.LVL62:
 794               	/* #APP */
 795               	 ;  83 "d:/ee programs/winavr-20100110/lib/gcc/../../avr/include/util/delay_basic.h" 1
 796 0206 8A95      		1: dec r24
 797 0208 01F4      		brne 1b
 798               	 ;  0 "" 2
 799               	/* #NOAPP */
 800               	.LBE707:
 801               	.LBE706:
 802               	.LBE705:
 803               	.LBE704:
 804               	.LM95:
 805 020a 89E7      		ldi r24,lo8(121)
 806               	.LVL63:
 807 020c 0E94 0000 		call SPI_putc
 808               	.LBB708:
 809               	.LBB709:
 810               	.LBB710:
 811               	.LBB711:
 812               	.LM96:
 813 0210 812F      		mov r24,r17
 814               	.LVL64:
 815               	/* #APP */
 816               	 ;  83 "d:/ee programs/winavr-20100110/lib/gcc/../../avr/include/util/delay_basic.h" 1
 817 0212 8A95      		1: dec r24
 818 0214 01F4      		brne 1b
 819               	 ;  0 "" 2
 820               	/* #NOAPP */
 821               	.LBE711:
 822               	.LBE710:
 823               	.LBE709:
 824               	.LBE708:
 825               	.LM97:
 826 0216 8091 0000 		lds r24,Y_AXIS
 827               	.LVL65:
 828 021a 0E94 0000 		call SPI_putc
 829               	.LBB712:
 830               	.LBB713:
 831               	.LBB714:
 832               	.LBB715:
 833               	.LM98:
 834 021e 812F      		mov r24,r17
 835               	.LVL66:
 836               	/* #APP */
 837               	 ;  83 "d:/ee programs/winavr-20100110/lib/gcc/../../avr/include/util/delay_basic.h" 1
 838 0220 8A95      		1: dec r24
 839 0222 01F4      		brne 1b
 840               	 ;  0 "" 2
 841               	/* #NOAPP */
 842               	.LBE715:
 843               	.LBE714:
 844               	.LBE713:
 845               	.LBE712:
 846               	.LM99:
 847 0224 8AE7      		ldi r24,lo8(122)
 848               	.LVL67:
 849 0226 0E94 0000 		call SPI_putc
 850               	.LBB716:
 851               	.LBB717:
 852               	.LBB718:
 853               	.LBB719:
 854               	.LM100:
 855 022a 812F      		mov r24,r17
 856               	.LVL68:
 857               	/* #APP */
 858               	 ;  83 "d:/ee programs/winavr-20100110/lib/gcc/../../avr/include/util/delay_basic.h" 1
 859 022c 8A95      		1: dec r24
 860 022e 01F4      		brne 1b
 861               	 ;  0 "" 2
 862               	/* #NOAPP */
 863               	.LBE719:
 864               	.LBE718:
 865               	.LBE717:
 866               	.LBE716:
 867               	.LM101:
 868 0230 8091 0000 		lds r24,Z_AXIS
 869               	.LVL69:
 870 0234 0E94 0000 		call SPI_putc
 871               	.LBB720:
 872               	.LBB721:
 873               	.LBB722:
 874               	.LBB723:
 875               	.LM102:
 876 0238 812F      		mov r24,r17
 877               	.LVL70:
 878               	/* #APP */
 879               	 ;  83 "d:/ee programs/winavr-20100110/lib/gcc/../../avr/include/util/delay_basic.h" 1
 880 023a 8A95      		1: dec r24
 881 023c 01F4      		brne 1b
 882               	 ;  0 "" 2
 883               	/* #NOAPP */
 884               	.LBE723:
 885               	.LBE722:
 886               	.LBE721:
 887               	.LBE720:
 888               	.LM103:
 889 023e 8CE6      		ldi r24,lo8(108)
 890               	.LVL71:
 891 0240 0E94 0000 		call SPI_putc
 892               	.LBB724:
 893               	.LBB725:
 894               	.LBB726:
 895               	.LBB727:
 896               	.LM104:
 897 0244 812F      		mov r24,r17
 898               	.LVL72:
 899               	/* #APP */
 900               	 ;  83 "d:/ee programs/winavr-20100110/lib/gcc/../../avr/include/util/delay_basic.h" 1
 901 0246 8A95      		1: dec r24
 902 0248 01F4      		brne 1b
 903               	 ;  0 "" 2
 904               	/* #NOAPP */
 905               	.LBE727:
 906               	.LBE726:
 907               	.LBE725:
 908               	.LBE724:
 909               	.LM105:
 910 024a 8091 0000 		lds r24,LIGHT
 911               	.LVL73:
 912 024e 0E94 0000 		call SPI_putc
 913               	.LBB728:
 914               	.LBB729:
 915               	.LBB730:
 916               	.LBB731:
 917               	.LM106:
 918 0252 812F      		mov r24,r17
 919               	.LVL74:
 920               	/* #APP */
 921               	 ;  83 "d:/ee programs/winavr-20100110/lib/gcc/../../avr/include/util/delay_basic.h" 1
 922 0254 8A95      		1: dec r24
 923 0256 01F4      		brne 1b
 924               	 ;  0 "" 2
 925               	/* #NOAPP */
 926               	.LBE731:
 927               	.LBE730:
 928               	.LBE729:
 929               	.LBE728:
 930               	.LM107:
 931 0258 82E7      		ldi r24,lo8(114)
 932               	.LVL75:
 933 025a 0E94 0000 		call SPI_putc
 934               	.LBB732:
 935               	.LBB733:
 936               	.LBB734:
 937               	.LBB735:
 938               	.LM108:
 939 025e 812F      		mov r24,r17
 940               	.LVL76:
 941               	/* #APP */
 942               	 ;  83 "d:/ee programs/winavr-20100110/lib/gcc/../../avr/include/util/delay_basic.h" 1
 943 0260 8A95      		1: dec r24
 944 0262 01F4      		brne 1b
 945               	 ;  0 "" 2
 946               	/* #NOAPP */
 947               	.LBE735:
 948               	.LBE734:
 949               	.LBE733:
 950               	.LBE732:
 951               	.LM109:
 952 0264 8091 0000 		lds r24,RANGE
 953               	.LVL77:
 954 0268 0E94 0000 		call SPI_putc
 955               	.LBB736:
 956               	.LBB737:
 957               	.LBB738:
 958               	.LBB739:
 959               	.LM110:
 960 026c 812F      		mov r24,r17
 961               	.LVL78:
 962               	/* #APP */
 963               	 ;  83 "d:/ee programs/winavr-20100110/lib/gcc/../../avr/include/util/delay_basic.h" 1
 964 026e 8A95      		1: dec r24
 965 0270 01F4      		brne 1b
 966               	 ;  0 "" 2
 967               	/* #NOAPP */
 968               	.LBE739:
 969               	.LBE738:
 970               	.LBE737:
 971               	.LBE736:
 972               	.LM111:
 973 0272 81E6      		ldi r24,lo8(97)
 974               	.LVL79:
 975 0274 0E94 0000 		call SPI_putc
 976               	.LBB740:
 977               	.LBB741:
 978               	.LBB742:
 979               	.LBB743:
 980               	.LM112:
 981 0278 812F      		mov r24,r17
 982               	.LVL80:
 983               	/* #APP */
 984               	 ;  83 "d:/ee programs/winavr-20100110/lib/gcc/../../avr/include/util/delay_basic.h" 1
 985 027a 8A95      		1: dec r24
 986 027c 01F4      		brne 1b
 987               	 ;  0 "" 2
 988               	/* #NOAPP */
 989               	.LBE743:
 990               	.LBE742:
 991               	.LBE741:
 992               	.LBE740:
 993               	.LM113:
 994 027e 8091 0000 		lds r24,HALTITUDE
 995               	.LVL81:
 996 0282 0E94 0000 		call SPI_putc
 997               	.LBB744:
 998               	.LBB745:
 999               	.LBB746:
 1000               	.LBB747:
 1001               	.LM114:
 1002 0286 812F      		mov r24,r17
 1003               	.LVL82:
 1004               	/* #APP */
 1005               	 ;  83 "d:/ee programs/winavr-20100110/lib/gcc/../../avr/include/util/delay_basic.h" 1
 1006 0288 8A95      		1: dec r24
 1007 028a 01F4      		brne 1b
 1008               	 ;  0 "" 2
 1009               	/* #NOAPP */
 1010               	.LBE747:
 1011               	.LBE746:
 1012               	.LBE745:
 1013               	.LBE744:
 1014               	.LM115:
 1015 028c 8091 0000 		lds r24,LALTITUDE
 1016               	.LVL83:
 1017 0290 0E94 0000 		call SPI_putc
 1018               	.LBB748:
 1019               	.LBB749:
 1020               	.LBB750:
 1021               	.LBB751:
 1022               	.LM116:
 1023 0294 812F      		mov r24,r17
 1024               	.LVL84:
 1025               	/* #APP */
 1026               	 ;  83 "d:/ee programs/winavr-20100110/lib/gcc/../../avr/include/util/delay_basic.h" 1
 1027 0296 8A95      		1: dec r24
 1028 0298 01F4      		brne 1b
 1029               	 ;  0 "" 2
 1030               	/* #NOAPP */
 1031               	.LBE751:
 1032               	.LBE750:
 1033               	.LBE749:
 1034               	.LBE748:
 1035               	.LM117:
 1036 029a 86E7      		ldi r24,lo8(118)
 1037               	.LVL85:
 1038 029c 0E94 0000 		call SPI_putc
 1039               	.LBB752:
 1040               	.LBB753:
 1041               	.LBB754:
 1042               	.LBB755:
 1043               	.LM118:
 1044 02a0 812F      		mov r24,r17
 1045               	.LVL86:
 1046               	/* #APP */
 1047               	 ;  83 "d:/ee programs/winavr-20100110/lib/gcc/../../avr/include/util/delay_basic.h" 1
 1048 02a2 8A95      		1: dec r24
 1049 02a4 01F4      		brne 1b
 1050               	 ;  0 "" 2
 1051               	/* #NOAPP */
 1052               	.LBE755:
 1053               	.LBE754:
 1054               	.LBE753:
 1055               	.LBE752:
 1056               	.LM119:
 1057 02a6 8091 0000 		lds r24,HSPEED
 1058               	.LVL87:
 1059 02aa 0E94 0000 		call SPI_putc
 1060               	.LBB756:
 1061               	.LBB757:
 1062               	.LBB758:
 1063               	.LBB759:
 1064               	.LM120:
 1065 02ae 812F      		mov r24,r17
 1066               	.LVL88:
 1067               	/* #APP */
 1068               	 ;  83 "d:/ee programs/winavr-20100110/lib/gcc/../../avr/include/util/delay_basic.h" 1
 1069 02b0 8A95      		1: dec r24
 1070 02b2 01F4      		brne 1b
 1071               	 ;  0 "" 2
 1072               	/* #NOAPP */
 1073               	.LBE759:
 1074               	.LBE758:
 1075               	.LBE757:
 1076               	.LBE756:
 1077               	.LM121:
 1078 02b4 8091 0000 		lds r24,LSPEED
 1079               	.LVL89:
 1080 02b8 0E94 0000 		call SPI_putc
 1081               	.LBB760:
 1082               	.LBB761:
 1083               	.LBB762:
 1084               	.LBB763:
 1085               	.LM122:
 1086 02bc 812F      		mov r24,r17
 1087               	.LVL90:
 1088               	/* #APP */
 1089               	 ;  83 "d:/ee programs/winavr-20100110/lib/gcc/../../avr/include/util/delay_basic.h" 1
 1090 02be 8A95      		1: dec r24
 1091 02c0 01F4      		brne 1b
 1092               	 ;  0 "" 2
 1093               	/* #NOAPP */
 1094               	.LBE763:
 1095               	.LBE762:
 1096               	.LBE761:
 1097               	.LBE760:
 1098               	.LM123:
 1099 02c2 82E6      		ldi r24,lo8(98)
 1100               	.LVL91:
 1101 02c4 0E94 0000 		call SPI_putc
 1102               	.LBB764:
 1103               	.LBB765:
 1104               	.LBB766:
 1105               	.LBB767:
 1106               	.LM124:
 1107 02c8 812F      		mov r24,r17
 1108               	.LVL92:
 1109               	/* #APP */
 1110               	 ;  83 "d:/ee programs/winavr-20100110/lib/gcc/../../avr/include/util/delay_basic.h" 1
 1111 02ca 8A95      		1: dec r24
 1112 02cc 01F4      		brne 1b
 1113               	 ;  0 "" 2
 1114               	/* #NOAPP */
 1115               	.LBE767:
 1116               	.LBE766:
 1117               	.LBE765:
 1118               	.LBE764:
 1119               	.LM125:
 1120 02ce 8091 0000 		lds r24,HBEARING
 1121               	.LVL93:
 1122 02d2 0E94 0000 		call SPI_putc
 1123               	.LBB768:
 1124               	.LBB769:
 1125               	.LBB770:
 1126               	.LBB771:
 1127               	.LM126:
 1128 02d6 812F      		mov r24,r17
 1129               	.LVL94:
 1130               	/* #APP */
 1131               	 ;  83 "d:/ee programs/winavr-20100110/lib/gcc/../../avr/include/util/delay_basic.h" 1
 1132 02d8 8A95      		1: dec r24
 1133 02da 01F4      		brne 1b
 1134               	 ;  0 "" 2
 1135               	/* #NOAPP */
 1136               	.LBE771:
 1137               	.LBE770:
 1138               	.LBE769:
 1139               	.LBE768:
 1140               	.LM127:
 1141 02dc 8091 0000 		lds r24,LBEARING
 1142               	.LVL95:
 1143 02e0 0E94 0000 		call SPI_putc
 1144               	.LBB772:
 1145               	.LBB773:
 1146               	.LBB774:
 1147               	.LBB775:
 1148               	.LM128:
 1149 02e4 812F      		mov r24,r17
 1150               	.LVL96:
 1151               	/* #APP */
 1152               	 ;  83 "d:/ee programs/winavr-20100110/lib/gcc/../../avr/include/util/delay_basic.h" 1
 1153 02e6 8A95      		1: dec r24
 1154 02e8 01F4      		brne 1b
 1155               	 ;  0 "" 2
 1156               	/* #NOAPP */
 1157               	.LBE775:
 1158               	.LBE774:
 1159               	.LBE773:
 1160               	.LBE772:
 1161               	.LM129:
 1162 02ea 88E6      		ldi r24,lo8(104)
 1163               	.LVL97:
 1164 02ec 0E94 0000 		call SPI_putc
 1165               	.LBB776:
 1166               	.LBB777:
 1167               	.LBB778:
 1168               	.LBB779:
 1169               	.LM130:
 1170 02f0 812F      		mov r24,r17
 1171               	.LVL98:
 1172               	/* #APP */
 1173               	 ;  83 "d:/ee programs/winavr-20100110/lib/gcc/../../avr/include/util/delay_basic.h" 1
 1174 02f2 8A95      		1: dec r24
 1175 02f4 01F4      		brne 1b
 1176               	 ;  0 "" 2
 1177               	/* #NOAPP */
 1178               	.LBE779:
 1179               	.LBE778:
 1180               	.LBE777:
 1181               	.LBE776:
 1182               	.LM131:
 1183 02f6 8091 0000 		lds r24,HOURS
 1184               	.LVL99:
 1185 02fa 0E94 0000 		call SPI_putc
 1186               	.LBB780:
 1187               	.LBB781:
 1188               	.LBB782:
 1189               	.LBB783:
 1190               	.LM132:
 1191 02fe 812F      		mov r24,r17
 1192               	.LVL100:
 1193               	/* #APP */
 1194               	 ;  83 "d:/ee programs/winavr-20100110/lib/gcc/../../avr/include/util/delay_basic.h" 1
 1195 0300 8A95      		1: dec r24
 1196 0302 01F4      		brne 1b
 1197               	 ;  0 "" 2
 1198               	/* #NOAPP */
 1199               	.LBE783:
 1200               	.LBE782:
 1201               	.LBE781:
 1202               	.LBE780:
 1203               	.LM133:
 1204 0304 8DE6      		ldi r24,lo8(109)
 1205               	.LVL101:
 1206 0306 0E94 0000 		call SPI_putc
 1207               	.LBB784:
 1208               	.LBB785:
 1209               	.LBB786:
 1210               	.LBB787:
 1211               	.LM134:
 1212 030a 812F      		mov r24,r17
 1213               	.LVL102:
 1214               	/* #APP */
 1215               	 ;  83 "d:/ee programs/winavr-20100110/lib/gcc/../../avr/include/util/delay_basic.h" 1
 1216 030c 8A95      		1: dec r24
 1217 030e 01F4      		brne 1b
 1218               	 ;  0 "" 2
 1219               	/* #NOAPP */
 1220               	.LBE787:
 1221               	.LBE786:
 1222               	.LBE785:
 1223               	.LBE784:
 1224               	.LM135:
 1225 0310 8091 0000 		lds r24,MINUTES
 1226               	.LVL103:
 1227 0314 0E94 0000 		call SPI_putc
 1228               	.LBB788:
 1229               	.LBB789:
 1230               	.LBB790:
 1231               	.LBB791:
 1232               	.LM136:
 1233 0318 812F      		mov r24,r17
 1234               	.LVL104:
 1235               	/* #APP */
 1236               	 ;  83 "d:/ee programs/winavr-20100110/lib/gcc/../../avr/include/util/delay_basic.h" 1
 1237 031a 8A95      		1: dec r24
 1238 031c 01F4      		brne 1b
 1239               	 ;  0 "" 2
 1240               	/* #NOAPP */
 1241               	.LBE791:
 1242               	.LBE790:
 1243               	.LBE789:
 1244               	.LBE788:
 1245               	.LM137:
 1246 031e 83E7      		ldi r24,lo8(115)
 1247               	.LVL105:
 1248 0320 0E94 0000 		call SPI_putc
 1249               	.LBB792:
 1250               	.LBB793:
 1251               	.LBB794:
 1252               	.LBB795:
 1253               	.LM138:
 1254 0324 812F      		mov r24,r17
 1255               	.LVL106:
 1256               	/* #APP */
 1257               	 ;  83 "d:/ee programs/winavr-20100110/lib/gcc/../../avr/include/util/delay_basic.h" 1
 1258 0326 8A95      		1: dec r24
 1259 0328 01F4      		brne 1b
 1260               	 ;  0 "" 2
 1261               	/* #NOAPP */
 1262               	.LBE795:
 1263               	.LBE794:
 1264               	.LBE793:
 1265               	.LBE792:
 1266               	.LM139:
 1267 032a 8091 0000 		lds r24,SECONDS
 1268               	.LVL107:
 1269 032e 0E94 0000 		call SPI_putc
 1270               	.LBB796:
 1271               	.LBB797:
 1272               	.LBB798:
 1273               	.LBB799:
 1274               	.LM140:
 1275 0332 812F      		mov r24,r17
 1276               	.LVL108:
 1277               	/* #APP */
 1278               	 ;  83 "d:/ee programs/winavr-20100110/lib/gcc/../../avr/include/util/delay_basic.h" 1
 1279 0334 8A95      		1: dec r24
 1280 0336 01F4      		brne 1b
 1281               	 ;  0 "" 2
 1282               	/* #NOAPP */
 1283               	.LBE799:
 1284               	.LBE798:
 1285               	.LBE797:
 1286               	.LBE796:
 1287               	.LM141:
 1288 0338 5F9A      		sbi 43-32,7
 1289 033a 00C0      		rjmp .L2
 1290               	.LFE7:
 1292               	.global	X_AXIS
 1293               		.data
 1296               	X_AXIS:
 1297 0000 02        		.byte	2
 1298               	.global	Y_AXIS
 1301               	Y_AXIS:
 1302 0001 03        		.byte	3
 1303               	.global	Z_AXIS
 1306               	Z_AXIS:
 1307 0002 04        		.byte	4
 1308               	.global	RANGE
 1311               	RANGE:
 1312 0003 05        		.byte	5
 1313               	.global	LIGHT
 1316               	LIGHT:
 1317 0004 06        		.byte	6
 1318               	.global	HALTITUDE
 1321               	HALTITUDE:
 1322 0005 07        		.byte	7
 1323               	.global	LALTITUDE
 1326               	LALTITUDE:
 1327 0006 07        		.byte	7
 1328               	.global	HSPEED
 1331               	HSPEED:
 1332 0007 08        		.byte	8
 1333               	.global	LSPEED
 1336               	LSPEED:
 1337 0008 08        		.byte	8
 1338               	.global	HBEARING
 1341               	HBEARING:
 1342 0009 09        		.byte	9
 1343               	.global	LBEARING
 1346               	LBEARING:
 1347 000a 09        		.byte	9
 1348               	.global	HOURS
 1351               	HOURS:
 1352 000b 0A        		.byte	10
 1353               	.global	MINUTES
 1356               	MINUTES:
 1357 000c 0B        		.byte	11
 1358               	.global	SECONDS
 1361               	SECONDS:
 1362 000d 0C        		.byte	12
 1387               	.Letext0:
DEFINED SYMBOLS
                            *ABS*:00000000 main.c
C:\Users\BILLBA~1\AppData\Local\Temp/ccwIuVSg.s:2      *ABS*:0000003f __SREG__
C:\Users\BILLBA~1\AppData\Local\Temp/ccwIuVSg.s:3      *ABS*:0000003e __SP_H__
C:\Users\BILLBA~1\AppData\Local\Temp/ccwIuVSg.s:4      *ABS*:0000003d __SP_L__
C:\Users\BILLBA~1\AppData\Local\Temp/ccwIuVSg.s:5      *ABS*:00000034 __CCP__
C:\Users\BILLBA~1\AppData\Local\Temp/ccwIuVSg.s:6      *ABS*:00000000 __tmp_reg__
C:\Users\BILLBA~1\AppData\Local\Temp/ccwIuVSg.s:7      *ABS*:00000001 __zero_reg__
C:\Users\BILLBA~1\AppData\Local\Temp/ccwIuVSg.s:18     .text:00000000 main
C:\Users\BILLBA~1\AppData\Local\Temp/ccwIuVSg.s:1296   .data:00000000 X_AXIS
C:\Users\BILLBA~1\AppData\Local\Temp/ccwIuVSg.s:1301   .data:00000001 Y_AXIS
C:\Users\BILLBA~1\AppData\Local\Temp/ccwIuVSg.s:1306   .data:00000002 Z_AXIS
C:\Users\BILLBA~1\AppData\Local\Temp/ccwIuVSg.s:1316   .data:00000004 LIGHT
C:\Users\BILLBA~1\AppData\Local\Temp/ccwIuVSg.s:1311   .data:00000003 RANGE
C:\Users\BILLBA~1\AppData\Local\Temp/ccwIuVSg.s:1321   .data:00000005 HALTITUDE
C:\Users\BILLBA~1\AppData\Local\Temp/ccwIuVSg.s:1326   .data:00000006 LALTITUDE
C:\Users\BILLBA~1\AppData\Local\Temp/ccwIuVSg.s:1331   .data:00000007 HSPEED
C:\Users\BILLBA~1\AppData\Local\Temp/ccwIuVSg.s:1336   .data:00000008 LSPEED
C:\Users\BILLBA~1\AppData\Local\Temp/ccwIuVSg.s:1341   .data:00000009 HBEARING
C:\Users\BILLBA~1\AppData\Local\Temp/ccwIuVSg.s:1346   .data:0000000a LBEARING
C:\Users\BILLBA~1\AppData\Local\Temp/ccwIuVSg.s:1351   .data:0000000b HOURS
C:\Users\BILLBA~1\AppData\Local\Temp/ccwIuVSg.s:1356   .data:0000000c MINUTES
C:\Users\BILLBA~1\AppData\Local\Temp/ccwIuVSg.s:1361   .data:0000000d SECONDS

UNDEFINED SYMBOLS
SPI_MasterInit
SPI_putc
SPI_getc
__do_copy_data
