   1               		.file	"main.c"
   2               	__SREG__ = 0x3f
   3               	__SP_H__ = 0x3e
   4               	__SP_L__ = 0x3d
   5               	__CCP__  = 0x34
   6               	__tmp_reg__ = 0
   7               	__zero_reg__ = 1
  15               	.Ltext0:
  16               	.global	main
  18               	main:
  19               	.LFB7:
  20               	.LM1:
  21 0000 CF93      		push r28
  22 0002 DF93      		push r29
  23               	/* prologue: function */
  24               	/* frame size = 0 */
  25               	.LM2:
  26 0004 83E3      		ldi r24,lo8(51)
  27 0006 90E0      		ldi r25,hi8(51)
  28 0008 0E94 0000 		call UART_init
  29               	.LM3:
  30               	/* #APP */
  31               	 ;  30 "main.c" 1
  32 000c 7894      		sei
  33               	 ;  0 "" 2
  34               	/* #NOAPP */
  35               	.LBB12:
  36               	.LBB13:
  37               	.LBB14:
  38               	.LBB15:
  39               	.LM4:
  40 000e C8EC      		ldi r28,lo8(200)
  41 0010 D0E0      		ldi r29,hi8(200)
  42               	.LVL0:
  43               	.L3:
  44               	.LBE15:
  45               	.LBE14:
  46               	.LBE13:
  47               	.LBE12:
  48               	.LM5:
  49 0012 88E7      		ldi r24,lo8(120)
  50               	.LVL1:
  51 0014 0E94 0000 		call UART_putc
  52               	.LVL2:
  53 0018 80E1      		ldi r24,lo8(10000)
  54 001a 97E2      		ldi r25,hi8(10000)
  55               	.LVL3:
  56               	.L2:
  57               	.LBB19:
  58               	.LBB18:
  59               	.LBB17:
  60               	.LBB16:
  61               	.LM6:
  62 001c FE01      		movw r30,r28
  63               	.LVL4:
  64               	/* #APP */
  65               	 ;  105 "c:/winavr-20100110/lib/gcc/../../avr/include/util/delay_basic.h" 1
  66 001e 3197      		1: sbiw r30,1
  67 0020 01F4      		brne 1b
  68               	 ;  0 "" 2
  69               	/* #NOAPP */
  70               	.LBE16:
  71               	.LBE17:
  72               	.LM7:
  73 0022 0197      		sbiw r24,1
  74               	.LM8:
  75 0024 01F4      		brne .L2
  76 0026 00C0      		rjmp .L3
  77               	.LBE18:
  78               	.LBE19:
  79               	.LFE7:
 105               	.Letext0:
DEFINED SYMBOLS
                            *ABS*:00000000 main.c
C:\Users\BILLTA~1\AppData\Local\Temp/ccnfRncf.s:2      *ABS*:0000003f __SREG__
C:\Users\BILLTA~1\AppData\Local\Temp/ccnfRncf.s:3      *ABS*:0000003e __SP_H__
C:\Users\BILLTA~1\AppData\Local\Temp/ccnfRncf.s:4      *ABS*:0000003d __SP_L__
C:\Users\BILLTA~1\AppData\Local\Temp/ccnfRncf.s:5      *ABS*:00000034 __CCP__
C:\Users\BILLTA~1\AppData\Local\Temp/ccnfRncf.s:6      *ABS*:00000000 __tmp_reg__
C:\Users\BILLTA~1\AppData\Local\Temp/ccnfRncf.s:7      *ABS*:00000001 __zero_reg__
C:\Users\BILLTA~1\AppData\Local\Temp/ccnfRncf.s:18     .text:00000000 main

UNDEFINED SYMBOLS
UART_init
UART_putc
