   1               		.file	"main.c"
   2               	__SREG__ = 0x3f
   3               	__SP_H__ = 0x3e
   4               	__SP_L__ = 0x3d
   5               	__CCP__  = 0x34
   6               	__tmp_reg__ = 0
   7               	__zero_reg__ = 1
  15               	.Ltext0:
  16               	.global	main
  18               	main:
  19               	.LFB7:
  20               	.LM1:
  21 0000 CF93      		push r28
  22 0002 DF93      		push r29
  23               	/* prologue: function */
  24               	/* frame size = 0 */
  25               	.LM2:
  26 0004 0E94 0000 		call SPI_SlaveInit
  27               	.LM3:
  28 0008 83E3      		ldi r24,lo8(51)
  29 000a 90E0      		ldi r25,hi8(51)
  30 000c 0E94 0000 		call UART_init
  31               	.LM4:
  32               	/* #APP */
  33               	 ;  43 "main.c" 1
  34 0010 7894      		sei
  35               	 ;  0 "" 2
  36               	/* #NOAPP */
  37               	.LBB12:
  38               	.LBB13:
  39               	.LBB14:
  40               	.LBB15:
  41               	.LM5:
  42 0012 C8EC      		ldi r28,lo8(200)
  43 0014 D0E0      		ldi r29,hi8(200)
  44               	.LVL0:
  45               	.L3:
  46               	.LBE15:
  47               	.LBE14:
  48               	.LBE13:
  49               	.LBE12:
  50               	.LM6:
  51 0016 8091 0000 		lds r24,X_AXIS
  52               	.LVL1:
  53 001a 0E94 0000 		call UART_putc
  54               	.LVL2:
  55 001e 88E8      		ldi r24,lo8(5000)
  56 0020 93E1      		ldi r25,hi8(5000)
  57               	.LVL3:
  58               	.L2:
  59               	.LBB19:
  60               	.LBB18:
  61               	.LBB17:
  62               	.LBB16:
  63               	.LM7:
  64 0022 FE01      		movw r30,r28
  65               	.LVL4:
  66               	/* #APP */
  67               	 ;  105 "d:/ee programs/winavr-20100110/lib/gcc/../../avr/include/util/delay_basic.h" 1
  68 0024 3197      		1: sbiw r30,1
  69 0026 01F4      		brne 1b
  70               	 ;  0 "" 2
  71               	/* #NOAPP */
  72               	.LBE16:
  73               	.LBE17:
  74               	.LM8:
  75 0028 0197      		sbiw r24,1
  76               	.LM9:
  77 002a 01F4      		brne .L2
  78 002c 00C0      		rjmp .L3
  79               	.LBE18:
  80               	.LBE19:
  81               	.LFE7:
  83               	.global	X_AXIS
  84               	.global	X_AXIS
  85               		.section .bss
  88               	X_AXIS:
  89 0000 00        		.skip 1,0
  90               	.global	Y_AXIS
  91               	.global	Y_AXIS
  94               	Y_AXIS:
  95 0001 00        		.skip 1,0
  96               	.global	Z_AXIS
  97               	.global	Z_AXIS
 100               	Z_AXIS:
 101 0002 00        		.skip 1,0
 102               	.global	RANGE
 103               	.global	RANGE
 106               	RANGE:
 107 0003 00        		.skip 1,0
 108               	.global	LIGHT
 109               	.global	LIGHT
 112               	LIGHT:
 113 0004 00        		.skip 1,0
 114               	.global	ALTITUDE
 115               	.global	ALTITUDE
 118               	ALTITUDE:
 119 0005 0000      		.skip 2,0
 120               	.global	SPEED
 121               	.global	SPEED
 124               	SPEED:
 125 0007 0000      		.skip 2,0
 126               	.global	BEARING
 127               	.global	BEARING
 130               	BEARING:
 131 0009 00        		.skip 1,0
 132               	.global	HOURS
 133               		.data
 136               	HOURS:
 137 0000 0C        		.byte	12
 138               	.global	MINUTES
 139               	.global	MINUTES
 140               		.section .bss
 143               	MINUTES:
 144 000a 00        		.skip 1,0
 145               	.global	SECONDS
 146               	.global	SECONDS
 149               	SECONDS:
 150 000b 00        		.skip 1,0
 175               	.Letext0:
DEFINED SYMBOLS
                            *ABS*:00000000 main.c
C:\Users\BILLBA~1\AppData\Local\Temp/ccCNSCvU.s:2      *ABS*:0000003f __SREG__
C:\Users\BILLBA~1\AppData\Local\Temp/ccCNSCvU.s:3      *ABS*:0000003e __SP_H__
C:\Users\BILLBA~1\AppData\Local\Temp/ccCNSCvU.s:4      *ABS*:0000003d __SP_L__
C:\Users\BILLBA~1\AppData\Local\Temp/ccCNSCvU.s:5      *ABS*:00000034 __CCP__
C:\Users\BILLBA~1\AppData\Local\Temp/ccCNSCvU.s:6      *ABS*:00000000 __tmp_reg__
C:\Users\BILLBA~1\AppData\Local\Temp/ccCNSCvU.s:7      *ABS*:00000001 __zero_reg__
C:\Users\BILLBA~1\AppData\Local\Temp/ccCNSCvU.s:18     .text:00000000 main
C:\Users\BILLBA~1\AppData\Local\Temp/ccCNSCvU.s:88     .bss:00000000 X_AXIS
C:\Users\BILLBA~1\AppData\Local\Temp/ccCNSCvU.s:94     .bss:00000001 Y_AXIS
C:\Users\BILLBA~1\AppData\Local\Temp/ccCNSCvU.s:100    .bss:00000002 Z_AXIS
C:\Users\BILLBA~1\AppData\Local\Temp/ccCNSCvU.s:106    .bss:00000003 RANGE
C:\Users\BILLBA~1\AppData\Local\Temp/ccCNSCvU.s:112    .bss:00000004 LIGHT
C:\Users\BILLBA~1\AppData\Local\Temp/ccCNSCvU.s:118    .bss:00000005 ALTITUDE
C:\Users\BILLBA~1\AppData\Local\Temp/ccCNSCvU.s:124    .bss:00000007 SPEED
C:\Users\BILLBA~1\AppData\Local\Temp/ccCNSCvU.s:130    .bss:00000009 BEARING
C:\Users\BILLBA~1\AppData\Local\Temp/ccCNSCvU.s:136    .data:00000000 HOURS
C:\Users\BILLBA~1\AppData\Local\Temp/ccCNSCvU.s:143    .bss:0000000a MINUTES
C:\Users\BILLBA~1\AppData\Local\Temp/ccCNSCvU.s:149    .bss:0000000b SECONDS

UNDEFINED SYMBOLS
SPI_SlaveInit
UART_init
UART_putc
__do_copy_data
__do_clear_bss
