Archive member included because of file (symbol)

d:/ee programs/winavr-20100110/bin/../lib/gcc/avr/4.3.3/avr5\libgcc.a(_udivmodqi4.o)
                              vfd.o (__udivmodqi4)
d:/ee programs/winavr-20100110/bin/../lib/gcc/avr/4.3.3/avr5\libgcc.a(_exit.o)
                              d:/ee programs/winavr-20100110/bin/../lib/gcc/avr/4.3.3/../../../../avr/lib/avr5/crtm168.o (exit)
d:/ee programs/winavr-20100110/bin/../lib/gcc/avr/4.3.3/avr5\libgcc.a(_copy_data.o)
                              main.o (__do_copy_data)
d:/ee programs/winavr-20100110/bin/../lib/gcc/avr/4.3.3/avr5\libgcc.a(_clear_bss.o)
                              main.o (__do_clear_bss)

Allocating common symbols
Common symbol       size              file

UART_BUFFER         0x8               uart.o

Memory Configuration

Name             Origin             Length             Attributes
text             0x00000000         0x00020000         xr
data             0x00800060         0x0000ffa0         rw !x
eeprom           0x00810000         0x00010000         rw !x
fuse             0x00820000         0x00000400         rw !x
lock             0x00830000         0x00000400         rw !x
signature        0x00840000         0x00000400         rw !x
*default*        0x00000000         0xffffffff

Linker script and memory map

Address of section .data set to 0x800100
LOAD d:/ee programs/winavr-20100110/bin/../lib/gcc/avr/4.3.3/../../../../avr/lib/avr5/crtm168.o
LOAD main.o
LOAD spi.o
LOAD uart.o
LOAD vfd.o
LOAD d:/ee programs/winavr-20100110/bin/../lib/gcc/avr/4.3.3/../../../../avr/lib/avr5\libm.a
LOAD d:/ee programs/winavr-20100110/bin/../lib/gcc/avr/4.3.3/avr5\libgcc.a
LOAD d:/ee programs/winavr-20100110/bin/../lib/gcc/avr/4.3.3/../../../../avr/lib/avr5\libc.a
LOAD d:/ee programs/winavr-20100110/bin/../lib/gcc/avr/4.3.3/avr5\libgcc.a

.hash
 *(.hash)

.dynsym
 *(.dynsym)

.dynstr
 *(.dynstr)

.gnu.version
 *(.gnu.version)

.gnu.version_d
 *(.gnu.version_d)

.gnu.version_r
 *(.gnu.version_r)

.rel.init
 *(.rel.init)

.rela.init
 *(.rela.init)

.rel.text
 *(.rel.text)
 *(.rel.text.*)
 *(.rel.gnu.linkonce.t*)

.rela.text
 *(.rela.text)
 *(.rela.text.*)
 *(.rela.gnu.linkonce.t*)

.rel.fini
 *(.rel.fini)

.rela.fini
 *(.rela.fini)

.rel.rodata
 *(.rel.rodata)
 *(.rel.rodata.*)
 *(.rel.gnu.linkonce.r*)

.rela.rodata
 *(.rela.rodata)
 *(.rela.rodata.*)
 *(.rela.gnu.linkonce.r*)

.rel.data
 *(.rel.data)
 *(.rel.data.*)
 *(.rel.gnu.linkonce.d*)

.rela.data
 *(.rela.data)
 *(.rela.data.*)
 *(.rela.gnu.linkonce.d*)

.rel.ctors
 *(.rel.ctors)

.rela.ctors
 *(.rela.ctors)

.rel.dtors
 *(.rel.dtors)

.rela.dtors
 *(.rela.dtors)

.rel.got
 *(.rel.got)

.rela.got
 *(.rela.got)

.rel.bss
 *(.rel.bss)

.rela.bss
 *(.rela.bss)

.rel.plt
 *(.rel.plt)

.rela.plt
 *(.rela.plt)

.text           0x00000000      0x74a
 *(.vectors)
 .vectors       0x00000000       0x68 d:/ee programs/winavr-20100110/bin/../lib/gcc/avr/4.3.3/../../../../avr/lib/avr5/crtm168.o
                0x00000000                __vectors
                0x00000000                __vector_default
 *(.vectors)
 *(.progmem.gcc*)
 *(.progmem*)
                0x00000068                . = ALIGN (0x2)
                0x00000068                __trampolines_start = .
 *(.trampolines)
 .trampolines   0x00000068        0x0 linker stubs
 *(.trampolines*)
                0x00000068                __trampolines_end = .
 *(.jumptables)
 *(.jumptables*)
 *(.lowtext)
 *(.lowtext*)
                0x00000068                __ctors_start = .
 *(.ctors)
                0x00000068                __ctors_end = .
                0x00000068                __dtors_start = .
 *(.dtors)
                0x00000068                __dtors_end = .
 SORT(*)(.ctors)
 SORT(*)(.dtors)
 *(.init0)
 .init0         0x00000068        0x0 d:/ee programs/winavr-20100110/bin/../lib/gcc/avr/4.3.3/../../../../avr/lib/avr5/crtm168.o
                0x00000068                __init
 *(.init0)
 *(.init1)
 *(.init1)
 *(.init2)
 .init2         0x00000068        0xc d:/ee programs/winavr-20100110/bin/../lib/gcc/avr/4.3.3/../../../../avr/lib/avr5/crtm168.o
 *(.init2)
 *(.init3)
 *(.init3)
 *(.init4)
 .init4         0x00000074       0x16 d:/ee programs/winavr-20100110/bin/../lib/gcc/avr/4.3.3/avr5\libgcc.a(_copy_data.o)
                0x00000074                __do_copy_data
 .init4         0x0000008a       0x10 d:/ee programs/winavr-20100110/bin/../lib/gcc/avr/4.3.3/avr5\libgcc.a(_clear_bss.o)
                0x0000008a                __do_clear_bss
 *(.init4)
 *(.init5)
 *(.init5)
 *(.init6)
 *(.init6)
 *(.init7)
 *(.init7)
 *(.init8)
 *(.init8)
 *(.init9)
 .init9         0x0000009a        0x8 d:/ee programs/winavr-20100110/bin/../lib/gcc/avr/4.3.3/../../../../avr/lib/avr5/crtm168.o
 *(.init9)
 *(.text)
 .text          0x000000a2        0x4 d:/ee programs/winavr-20100110/bin/../lib/gcc/avr/4.3.3/../../../../avr/lib/avr5/crtm168.o
                0x000000a2                __vector_22
                0x000000a2                __vector_1
                0x000000a2                __vector_24
                0x000000a2                __vector_12
                0x000000a2                __bad_interrupt
                0x000000a2                __vector_6
                0x000000a2                __vector_3
                0x000000a2                __vector_23
                0x000000a2                __vector_25
                0x000000a2                __vector_11
                0x000000a2                __vector_13
                0x000000a2                __vector_19
                0x000000a2                __vector_7
                0x000000a2                __vector_5
                0x000000a2                __vector_4
                0x000000a2                __vector_9
                0x000000a2                __vector_2
                0x000000a2                __vector_21
                0x000000a2                __vector_15
                0x000000a2                __vector_8
                0x000000a2                __vector_14
                0x000000a2                __vector_10
                0x000000a2                __vector_16
                0x000000a2                __vector_18
                0x000000a2                __vector_20
 .text          0x000000a6       0x2e main.o
                0x000000a6                main
 .text          0x000000d4      0x238 spi.o
                0x000000fa                SPI_getc
                0x00000104                __vector_17
                0x000000d4                SPI_MasterInit
                0x000000ec                SPI_SlaveInit
                0x000000e2                SPI_putc
 .text          0x0000030c       0x4e uart.o
                0x0000034a                UART_flush
                0x0000033c                UART_getc
                0x0000032c                UART_putc
                0x0000030c                UART_init
 .text          0x0000035a      0x3d4 vfd.o
                0x0000035a                cancel
                0x00000648                cursor_up
                0x000005e2                cursor_left
                0x00000460                single_single
                0x00000482                blinking_off
                0x000004bc                reverse_video_off
                0x00000370                rcvd_data_test
                0x0000066a                cursor_home
                0x00000474                reset
                0x000004dc                reverse_video_on
                0x00000550                restore_cursor
                0x0000067e                request_cursor
                0x000003be                dpmm
                0x000004a2                blinking_on
                0x000004f6                clear_all_attributes
                0x0000044c                double_double
                0x00000362                rcvd_data_test_exit
                0x00000530                auto_linefeed_on
                0x0000055e                save_cursor
                0x00000510                auto_linefeed_off
                0x00000626                cursor_down
                0x00000604                cursor_right
                0x0000037e                self_test
                0x0000038c                brightness
                0x0000056c                cursor_position
 .text          0x0000072e        0x0 d:/ee programs/winavr-20100110/bin/../lib/gcc/avr/4.3.3/avr5\libgcc.a(_udivmodqi4.o)
 .text          0x0000072e        0x0 d:/ee programs/winavr-20100110/bin/../lib/gcc/avr/4.3.3/avr5\libgcc.a(_exit.o)
 .text          0x0000072e        0x0 d:/ee programs/winavr-20100110/bin/../lib/gcc/avr/4.3.3/avr5\libgcc.a(_copy_data.o)
 .text          0x0000072e        0x0 d:/ee programs/winavr-20100110/bin/../lib/gcc/avr/4.3.3/avr5\libgcc.a(_clear_bss.o)
                0x0000072e                . = ALIGN (0x2)
 *(.text.*)
 .text.libgcc   0x0000072e       0x18 d:/ee programs/winavr-20100110/bin/../lib/gcc/avr/4.3.3/avr5\libgcc.a(_udivmodqi4.o)
                0x0000072e                __udivmodqi4
 .text.libgcc   0x00000746        0x0 d:/ee programs/winavr-20100110/bin/../lib/gcc/avr/4.3.3/avr5\libgcc.a(_exit.o)
 .text.libgcc   0x00000746        0x0 d:/ee programs/winavr-20100110/bin/../lib/gcc/avr/4.3.3/avr5\libgcc.a(_copy_data.o)
 .text.libgcc   0x00000746        0x0 d:/ee programs/winavr-20100110/bin/../lib/gcc/avr/4.3.3/avr5\libgcc.a(_clear_bss.o)
                0x00000746                . = ALIGN (0x2)
 *(.fini9)
 .fini9         0x00000746        0x0 d:/ee programs/winavr-20100110/bin/../lib/gcc/avr/4.3.3/avr5\libgcc.a(_exit.o)
                0x00000746                exit
                0x00000746                _exit
 *(.fini9)
 *(.fini8)
 *(.fini8)
 *(.fini7)
 *(.fini7)
 *(.fini6)
 *(.fini6)
 *(.fini5)
 *(.fini5)
 *(.fini4)
 *(.fini4)
 *(.fini3)
 *(.fini3)
 *(.fini2)
 *(.fini2)
 *(.fini1)
 *(.fini1)
 *(.fini0)
 .fini0         0x00000746        0x4 d:/ee programs/winavr-20100110/bin/../lib/gcc/avr/4.3.3/avr5\libgcc.a(_exit.o)
 *(.fini0)
                0x0000074a                _etext = .

.data           0x00800100        0x2 load address 0x0000074a
                0x00800100                PROVIDE (__data_start, .)
 *(.data)
 .data          0x00800100        0x0 d:/ee programs/winavr-20100110/bin/../lib/gcc/avr/4.3.3/../../../../avr/lib/avr5/crtm168.o
 .data          0x00800100        0x1 main.o
                0x00800100                HOURS
 .data          0x00800101        0x0 spi.o
 .data          0x00800101        0x0 uart.o
 .data          0x00800101        0x0 vfd.o
 .data          0x00800101        0x0 d:/ee programs/winavr-20100110/bin/../lib/gcc/avr/4.3.3/avr5\libgcc.a(_udivmodqi4.o)
 .data          0x00800101        0x0 d:/ee programs/winavr-20100110/bin/../lib/gcc/avr/4.3.3/avr5\libgcc.a(_exit.o)
 .data          0x00800101        0x0 d:/ee programs/winavr-20100110/bin/../lib/gcc/avr/4.3.3/avr5\libgcc.a(_copy_data.o)
 .data          0x00800101        0x0 d:/ee programs/winavr-20100110/bin/../lib/gcc/avr/4.3.3/avr5\libgcc.a(_clear_bss.o)
 *(.data*)
 *(.rodata)
 *(.rodata*)
 *(.gnu.linkonce.d*)
                0x00800102                . = ALIGN (0x2)
 *fill*         0x00800101        0x1 00
                0x00800102                _edata = .
                0x00800102                PROVIDE (__data_end, .)

.bss            0x00800102       0x1b
                0x00800102                PROVIDE (__bss_start, .)
 *(.bss)
 .bss           0x00800102        0x0 d:/ee programs/winavr-20100110/bin/../lib/gcc/avr/4.3.3/../../../../avr/lib/avr5/crtm168.o
 .bss           0x00800102        0xc main.o
                0x00800106                LIGHT
                0x00800104                Z_AXIS
                0x0080010d                SECONDS
                0x00800105                RANGE
                0x00800103                Y_AXIS
                0x00800109                SPEED
                0x00800107                ALTITUDE
                0x00800102                X_AXIS
                0x0080010c                MINUTES
                0x0080010b                BEARING
 .bss           0x0080010e        0x2 spi.o
                0x0080010f                type
                0x0080010e                cnt
 .bss           0x00800110        0x2 uart.o
                0x00800110                UART_BUF_CNT
                0x00800111                UART_FLAGS
 .bss           0x00800112        0x3 vfd.o
                0x00800113                col_report
                0x00800114                cursor_responded
                0x00800112                row_report
 .bss           0x00800115        0x0 d:/ee programs/winavr-20100110/bin/../lib/gcc/avr/4.3.3/avr5\libgcc.a(_udivmodqi4.o)
 .bss           0x00800115        0x0 d:/ee programs/winavr-20100110/bin/../lib/gcc/avr/4.3.3/avr5\libgcc.a(_exit.o)
 .bss           0x00800115        0x0 d:/ee programs/winavr-20100110/bin/../lib/gcc/avr/4.3.3/avr5\libgcc.a(_copy_data.o)
 .bss           0x00800115        0x0 d:/ee programs/winavr-20100110/bin/../lib/gcc/avr/4.3.3/avr5\libgcc.a(_clear_bss.o)
 *(.bss*)
 *(COMMON)
 COMMON         0x00800115        0x8 uart.o
                0x00800115                UART_BUFFER
                0x0080011d                PROVIDE (__bss_end, .)
                0x0000074a                __data_load_start = LOADADDR (.data)
                0x0000074c                __data_load_end = (__data_load_start + SIZEOF (.data))

.noinit         0x0080011d        0x0
                0x0080011d                PROVIDE (__noinit_start, .)
 *(.noinit*)
                0x0080011d                PROVIDE (__noinit_end, .)
                0x0080011d                _end = .
                0x0080011d                PROVIDE (__heap_start, .)

.eeprom         0x00810000        0x0
 *(.eeprom*)
                0x00810000                __eeprom_end = .

.fuse
 *(.fuse)
 *(.lfuse)
 *(.hfuse)
 *(.efuse)

.lock
 *(.lock*)

.signature
 *(.signature*)

.stab
 *(.stab)

.stabstr
 *(.stabstr)

.stab.excl
 *(.stab.excl)

.stab.exclstr
 *(.stab.exclstr)

.stab.index
 *(.stab.index)

.stab.indexstr
 *(.stab.indexstr)

.comment
 *(.comment)

.debug
 *(.debug)

.line
 *(.line)

.debug_srcinfo
 *(.debug_srcinfo)

.debug_sfnames
 *(.debug_sfnames)

.debug_aranges  0x00000000       0x80
 *(.debug_aranges)
 .debug_aranges
                0x00000000       0x20 main.o
 .debug_aranges
                0x00000020       0x20 spi.o
 .debug_aranges
                0x00000040       0x20 uart.o
 .debug_aranges
                0x00000060       0x20 vfd.o

.debug_pubnames
                0x00000000      0x37a
 *(.debug_pubnames)
 .debug_pubnames
                0x00000000       0x95 main.o
 .debug_pubnames
                0x00000095       0x72 spi.o
 .debug_pubnames
                0x00000107       0x7b uart.o
 .debug_pubnames
                0x00000182      0x1f8 vfd.o

.debug_info     0x00000000      0x89a
 *(.debug_info)
 .debug_info    0x00000000      0x1ed main.o
 .debug_info    0x000001ed      0x1d9 spi.o
 .debug_info    0x000003c6      0x148 uart.o
 .debug_info    0x0000050e      0x38c vfd.o
 *(.gnu.linkonce.wi.*)

.debug_abbrev   0x00000000      0x2d5
 *(.debug_abbrev)
 .debug_abbrev  0x00000000       0xcc main.o
 .debug_abbrev  0x000000cc       0xbf spi.o
 .debug_abbrev  0x0000018b       0xa9 uart.o
 .debug_abbrev  0x00000234       0xa1 vfd.o

.debug_line     0x00000000      0xaf8
 *(.debug_line)
 .debug_line    0x00000000      0x143 main.o
 .debug_line    0x00000143      0x325 spi.o
 .debug_line    0x00000468       0xd8 uart.o
 .debug_line    0x00000540      0x5b8 vfd.o

.debug_frame    0x00000000      0x270
 *(.debug_frame)
 .debug_frame   0x00000000       0x20 main.o
 .debug_frame   0x00000020       0x60 spi.o
 .debug_frame   0x00000080       0x50 uart.o
 .debug_frame   0x000000d0      0x1a0 vfd.o

.debug_str      0x00000000      0x357
 *(.debug_str)
 .debug_str     0x00000000      0x115 main.o
                                0x155 (size before relaxing)
 .debug_str     0x00000115       0x51 spi.o
                                0x157 (size before relaxing)
 .debug_str     0x00000166       0x64 uart.o
                                0x11c (size before relaxing)
 .debug_str     0x000001ca      0x18d vfd.o
                                0x245 (size before relaxing)

.debug_loc      0x00000000      0x284
 *(.debug_loc)
 .debug_loc     0x00000000       0x50 main.o
 .debug_loc     0x00000050       0x29 spi.o
 .debug_loc     0x00000079       0x49 uart.o
 .debug_loc     0x000000c2      0x1c2 vfd.o

.debug_macinfo
 *(.debug_macinfo)
OUTPUT(main.elf elf32-avr)
LOAD linker stubs

.debug_ranges   0x00000000       0x48
 .debug_ranges  0x00000000       0x48 main.o

Cross Reference Table

Symbol                                            File
ALTITUDE                                          main.o
                                                  spi.o
BEARING                                           main.o
                                                  spi.o
HOURS                                             main.o
                                                  spi.o
LIGHT                                             main.o
                                                  spi.o
MINUTES                                           main.o
                                                  spi.o
RANGE                                             main.o
                                                  spi.o
SECONDS                                           main.o
                                                  spi.o
SPEED                                             main.o
                                                  spi.o
SPI_MasterInit                                    spi.o
SPI_SlaveInit                                     spi.o
                                                  main.o
SPI_getc                                          spi.o
SPI_putc                                          spi.o
UART_BUFFER                                       uart.o
UART_BUF_CNT                                      uart.o
UART_FLAGS                                        uart.o
UART_flush                                        uart.o
UART_getc                                         uart.o
                                                  vfd.o
UART_init                                         uart.o
                                                  main.o
UART_putc                                         uart.o
                                                  vfd.o
                                                  main.o
X_AXIS                                            main.o
                                                  spi.o
Y_AXIS                                            main.o
                                                  spi.o
Z_AXIS                                            main.o
                                                  spi.o
__bad_interrupt                                   d:/ee programs/winavr-20100110/bin/../lib/gcc/avr/4.3.3/../../../../avr/lib/avr5/crtm168.o
__bss_end                                         d:/ee programs/winavr-20100110/bin/../lib/gcc/avr/4.3.3/avr5\libgcc.a(_clear_bss.o)
__bss_start                                       d:/ee programs/winavr-20100110/bin/../lib/gcc/avr/4.3.3/avr5\libgcc.a(_clear_bss.o)
__data_end                                        d:/ee programs/winavr-20100110/bin/../lib/gcc/avr/4.3.3/avr5\libgcc.a(_copy_data.o)
__data_load_start                                 d:/ee programs/winavr-20100110/bin/../lib/gcc/avr/4.3.3/avr5\libgcc.a(_copy_data.o)
__data_start                                      d:/ee programs/winavr-20100110/bin/../lib/gcc/avr/4.3.3/avr5\libgcc.a(_copy_data.o)
__do_clear_bss                                    d:/ee programs/winavr-20100110/bin/../lib/gcc/avr/4.3.3/avr5\libgcc.a(_clear_bss.o)
                                                  vfd.o
                                                  uart.o
                                                  spi.o
                                                  main.o
__do_copy_data                                    d:/ee programs/winavr-20100110/bin/../lib/gcc/avr/4.3.3/avr5\libgcc.a(_copy_data.o)
                                                  main.o
__heap_end                                        d:/ee programs/winavr-20100110/bin/../lib/gcc/avr/4.3.3/../../../../avr/lib/avr5/crtm168.o
__init                                            d:/ee programs/winavr-20100110/bin/../lib/gcc/avr/4.3.3/../../../../avr/lib/avr5/crtm168.o
__stack                                           d:/ee programs/winavr-20100110/bin/../lib/gcc/avr/4.3.3/../../../../avr/lib/avr5/crtm168.o
__udivmodqi4                                      d:/ee programs/winavr-20100110/bin/../lib/gcc/avr/4.3.3/avr5\libgcc.a(_udivmodqi4.o)
                                                  vfd.o
__vector_1                                        d:/ee programs/winavr-20100110/bin/../lib/gcc/avr/4.3.3/../../../../avr/lib/avr5/crtm168.o
__vector_10                                       d:/ee programs/winavr-20100110/bin/../lib/gcc/avr/4.3.3/../../../../avr/lib/avr5/crtm168.o
__vector_11                                       d:/ee programs/winavr-20100110/bin/../lib/gcc/avr/4.3.3/../../../../avr/lib/avr5/crtm168.o
__vector_12                                       d:/ee programs/winavr-20100110/bin/../lib/gcc/avr/4.3.3/../../../../avr/lib/avr5/crtm168.o
__vector_13                                       d:/ee programs/winavr-20100110/bin/../lib/gcc/avr/4.3.3/../../../../avr/lib/avr5/crtm168.o
__vector_14                                       d:/ee programs/winavr-20100110/bin/../lib/gcc/avr/4.3.3/../../../../avr/lib/avr5/crtm168.o
__vector_15                                       d:/ee programs/winavr-20100110/bin/../lib/gcc/avr/4.3.3/../../../../avr/lib/avr5/crtm168.o
__vector_16                                       d:/ee programs/winavr-20100110/bin/../lib/gcc/avr/4.3.3/../../../../avr/lib/avr5/crtm168.o
__vector_17                                       spi.o
                                                  d:/ee programs/winavr-20100110/bin/../lib/gcc/avr/4.3.3/../../../../avr/lib/avr5/crtm168.o
__vector_18                                       d:/ee programs/winavr-20100110/bin/../lib/gcc/avr/4.3.3/../../../../avr/lib/avr5/crtm168.o
__vector_19                                       d:/ee programs/winavr-20100110/bin/../lib/gcc/avr/4.3.3/../../../../avr/lib/avr5/crtm168.o
__vector_2                                        d:/ee programs/winavr-20100110/bin/../lib/gcc/avr/4.3.3/../../../../avr/lib/avr5/crtm168.o
__vector_20                                       d:/ee programs/winavr-20100110/bin/../lib/gcc/avr/4.3.3/../../../../avr/lib/avr5/crtm168.o
__vector_21                                       d:/ee programs/winavr-20100110/bin/../lib/gcc/avr/4.3.3/../../../../avr/lib/avr5/crtm168.o
__vector_22                                       d:/ee programs/winavr-20100110/bin/../lib/gcc/avr/4.3.3/../../../../avr/lib/avr5/crtm168.o
__vector_23                                       d:/ee programs/winavr-20100110/bin/../lib/gcc/avr/4.3.3/../../../../avr/lib/avr5/crtm168.o
__vector_24                                       d:/ee programs/winavr-20100110/bin/../lib/gcc/avr/4.3.3/../../../../avr/lib/avr5/crtm168.o
__vector_25                                       d:/ee programs/winavr-20100110/bin/../lib/gcc/avr/4.3.3/../../../../avr/lib/avr5/crtm168.o
__vector_3                                        d:/ee programs/winavr-20100110/bin/../lib/gcc/avr/4.3.3/../../../../avr/lib/avr5/crtm168.o
__vector_4                                        d:/ee programs/winavr-20100110/bin/../lib/gcc/avr/4.3.3/../../../../avr/lib/avr5/crtm168.o
__vector_5                                        d:/ee programs/winavr-20100110/bin/../lib/gcc/avr/4.3.3/../../../../avr/lib/avr5/crtm168.o
__vector_6                                        d:/ee programs/winavr-20100110/bin/../lib/gcc/avr/4.3.3/../../../../avr/lib/avr5/crtm168.o
__vector_7                                        d:/ee programs/winavr-20100110/bin/../lib/gcc/avr/4.3.3/../../../../avr/lib/avr5/crtm168.o
__vector_8                                        d:/ee programs/winavr-20100110/bin/../lib/gcc/avr/4.3.3/../../../../avr/lib/avr5/crtm168.o
__vector_9                                        d:/ee programs/winavr-20100110/bin/../lib/gcc/avr/4.3.3/../../../../avr/lib/avr5/crtm168.o
__vector_default                                  d:/ee programs/winavr-20100110/bin/../lib/gcc/avr/4.3.3/../../../../avr/lib/avr5/crtm168.o
__vectors                                         d:/ee programs/winavr-20100110/bin/../lib/gcc/avr/4.3.3/../../../../avr/lib/avr5/crtm168.o
_exit                                             d:/ee programs/winavr-20100110/bin/../lib/gcc/avr/4.3.3/avr5\libgcc.a(_exit.o)
auto_linefeed_off                                 vfd.o
auto_linefeed_on                                  vfd.o
blinking_off                                      vfd.o
blinking_on                                       vfd.o
brightness                                        vfd.o
cancel                                            vfd.o
clear_all_attributes                              vfd.o
cnt                                               spi.o
col_report                                        vfd.o
cursor_down                                       vfd.o
cursor_home                                       vfd.o
cursor_left                                       vfd.o
cursor_position                                   vfd.o
cursor_responded                                  vfd.o
cursor_right                                      vfd.o
cursor_up                                         vfd.o
double_double                                     vfd.o
dpmm                                              vfd.o
exit                                              d:/ee programs/winavr-20100110/bin/../lib/gcc/avr/4.3.3/avr5\libgcc.a(_exit.o)
                                                  d:/ee programs/winavr-20100110/bin/../lib/gcc/avr/4.3.3/../../../../avr/lib/avr5/crtm168.o
main                                              main.o
                                                  d:/ee programs/winavr-20100110/bin/../lib/gcc/avr/4.3.3/../../../../avr/lib/avr5/crtm168.o
rcvd_data_test                                    vfd.o
rcvd_data_test_exit                               vfd.o
request_cursor                                    vfd.o
reset                                             vfd.o
restore_cursor                                    vfd.o
reverse_video_off                                 vfd.o
reverse_video_on                                  vfd.o
row_report                                        vfd.o
save_cursor                                       vfd.o
self_test                                         vfd.o
single_single                                     vfd.o
type                                              spi.o
