   1               		.file	"main.c"
   2               	__SREG__ = 0x3f
   3               	__SP_H__ = 0x3e
   4               	__SP_L__ = 0x3d
   5               	__CCP__  = 0x34
   6               	__tmp_reg__ = 0
   7               	__zero_reg__ = 1
  15               	.Ltext0:
  16               	.global	main
  18               	main:
  19               	.LFB7:
  20               	.LM1:
  21 0000 CF93      		push r28
  22 0002 DF93      		push r29
  23               	/* prologue: function */
  24               	/* frame size = 0 */
  25               	.LM2:
  26 0004 0E94 0000 		call SPI_SlaveInit
  27               	.LM3:
  28 0008 83E3      		ldi r24,lo8(51)
  29 000a 90E0      		ldi r25,hi8(51)
  30 000c 0E94 0000 		call UART_init
  31               	.LM4:
  32               	/* #APP */
  33               	 ;  43 "main.c" 1
  34 0010 7894      		sei
  35               	 ;  0 "" 2
  36               	/* #NOAPP */
  37               	.LBB12:
  38               	.LBB13:
  39               	.LBB14:
  40               	.LBB15:
  41               	.LM5:
  42 0012 C8EC      		ldi r28,lo8(200)
  43 0014 D0E0      		ldi r29,hi8(200)
  44               	.LVL0:
  45               	.L3:
  46               	.LBE15:
  47               	.LBE14:
  48               	.LBE13:
  49               	.LBE12:
  50               	.LM6:
  51 0016 8091 0000 		lds r24,X_AXIS
  52               	.LVL1:
  53 001a 8F5F      		subi r24,lo8(-(1))
  54 001c 8093 0000 		sts X_AXIS,r24
  55 0020 8150      		subi r24,lo8(-(-1))
  56 0022 0E94 0000 		call UART_putc
  57               	.LVL2:
  58 0026 88E8      		ldi r24,lo8(5000)
  59 0028 93E1      		ldi r25,hi8(5000)
  60               	.LVL3:
  61               	.L2:
  62               	.LBB19:
  63               	.LBB18:
  64               	.LBB17:
  65               	.LBB16:
  66               	.LM7:
  67 002a FE01      		movw r30,r28
  68               	.LVL4:
  69               	/* #APP */
  70               	 ;  105 "c:/winavr-20100110/lib/gcc/../../avr/include/util/delay_basic.h" 1
  71 002c 3197      		1: sbiw r30,1
  72 002e 01F4      		brne 1b
  73               	 ;  0 "" 2
  74               	/* #NOAPP */
  75               	.LBE16:
  76               	.LBE17:
  77               	.LM8:
  78 0030 0197      		sbiw r24,1
  79               	.LM9:
  80 0032 01F4      		brne .L2
  81 0034 00C0      		rjmp .L3
  82               	.LBE18:
  83               	.LBE19:
  84               	.LFE7:
  86               	.global	X_AXIS
  87               	.global	X_AXIS
  88               		.section .bss
  91               	X_AXIS:
  92 0000 00        		.skip 1,0
  93               	.global	Y_AXIS
  94               	.global	Y_AXIS
  97               	Y_AXIS:
  98 0001 00        		.skip 1,0
  99               	.global	Z_AXIS
 100               	.global	Z_AXIS
 103               	Z_AXIS:
 104 0002 00        		.skip 1,0
 105               	.global	RANGE
 106               	.global	RANGE
 109               	RANGE:
 110 0003 00        		.skip 1,0
 111               	.global	LIGHT
 112               	.global	LIGHT
 115               	LIGHT:
 116 0004 00        		.skip 1,0
 117               	.global	ALTITUDE
 118               	.global	ALTITUDE
 121               	ALTITUDE:
 122 0005 0000      		.skip 2,0
 123               	.global	SPEED
 124               	.global	SPEED
 127               	SPEED:
 128 0007 0000      		.skip 2,0
 129               	.global	BEARING
 130               	.global	BEARING
 133               	BEARING:
 134 0009 00        		.skip 1,0
 135               	.global	HOURS
 136               		.data
 139               	HOURS:
 140 0000 0C        		.byte	12
 141               	.global	MINUTES
 142               	.global	MINUTES
 143               		.section .bss
 146               	MINUTES:
 147 000a 00        		.skip 1,0
 148               	.global	SECONDS
 149               	.global	SECONDS
 152               	SECONDS:
 153 000b 00        		.skip 1,0
 178               	.Letext0:
DEFINED SYMBOLS
                            *ABS*:00000000 main.c
C:\Users\BILLTA~1\AppData\Local\Temp/ccns6yN9.s:2      *ABS*:0000003f __SREG__
C:\Users\BILLTA~1\AppData\Local\Temp/ccns6yN9.s:3      *ABS*:0000003e __SP_H__
C:\Users\BILLTA~1\AppData\Local\Temp/ccns6yN9.s:4      *ABS*:0000003d __SP_L__
C:\Users\BILLTA~1\AppData\Local\Temp/ccns6yN9.s:5      *ABS*:00000034 __CCP__
C:\Users\BILLTA~1\AppData\Local\Temp/ccns6yN9.s:6      *ABS*:00000000 __tmp_reg__
C:\Users\BILLTA~1\AppData\Local\Temp/ccns6yN9.s:7      *ABS*:00000001 __zero_reg__
C:\Users\BILLTA~1\AppData\Local\Temp/ccns6yN9.s:18     .text:00000000 main
C:\Users\BILLTA~1\AppData\Local\Temp/ccns6yN9.s:91     .bss:00000000 X_AXIS
C:\Users\BILLTA~1\AppData\Local\Temp/ccns6yN9.s:97     .bss:00000001 Y_AXIS
C:\Users\BILLTA~1\AppData\Local\Temp/ccns6yN9.s:103    .bss:00000002 Z_AXIS
C:\Users\BILLTA~1\AppData\Local\Temp/ccns6yN9.s:109    .bss:00000003 RANGE
C:\Users\BILLTA~1\AppData\Local\Temp/ccns6yN9.s:115    .bss:00000004 LIGHT
C:\Users\BILLTA~1\AppData\Local\Temp/ccns6yN9.s:121    .bss:00000005 ALTITUDE
C:\Users\BILLTA~1\AppData\Local\Temp/ccns6yN9.s:127    .bss:00000007 SPEED
C:\Users\BILLTA~1\AppData\Local\Temp/ccns6yN9.s:133    .bss:00000009 BEARING
C:\Users\BILLTA~1\AppData\Local\Temp/ccns6yN9.s:139    .data:00000000 HOURS
C:\Users\BILLTA~1\AppData\Local\Temp/ccns6yN9.s:146    .bss:0000000a MINUTES
C:\Users\BILLTA~1\AppData\Local\Temp/ccns6yN9.s:152    .bss:0000000b SECONDS

UNDEFINED SYMBOLS
SPI_SlaveInit
UART_init
UART_putc
__do_copy_data
__do_clear_bss
