   1               		.file	"main.c"
   2               	__SREG__ = 0x3f
   3               	__SP_H__ = 0x3e
   4               	__SP_L__ = 0x3d
   5               	__CCP__  = 0x34
   6               	__tmp_reg__ = 0
   7               	__zero_reg__ = 1
  15               	.Ltext0:
  16               	.global	main
  18               	main:
  19               	.LFB6:
  20               	.LM1:
  21               	/* prologue: function */
  22               	/* frame size = 0 */
  23               	.LM2:
  24 0000 00D0      		rcall adc_init
  25               	.LM3:
  26 0002 00D0      		rcall USI_SPI_initslave
  27               	.LM4:
  28               	/* #APP */
  29               	 ;  29 "main.c" 1
  30 0004 7894      		sei
  31               	 ;  0 "" 2
  32               	/* #NOAPP */
  33               	.L7:
  34               	.LM5:
  35 0006 B399      		sbic 54-32,3
  36 0008 00C0      		rjmp .L2
  37               	.LM6:
  38 000a 80E0      		ldi r24,lo8(0)
  39 000c 00D0      		rcall USI_SPI_SSn
  40               	.LM7:
  41 000e 00D0      		rcall USI_SPI_getc
  42               	.LM8:
  43 0010 8235      		cpi r24,lo8(82)
  44 0012 01F4      		brne .L7
  45               	.LM9:
  46 0014 8091 0000 		lds r24,RANGE
  47 0018 00D0      		rcall USI_SPI_putc
  48               	.LM10:
  49 001a 00D0      		rcall USI_SPI_wait
  50 001c 00C0      		rjmp .L7
  51               	.L2:
  52               	.LM11:
  53 001e 81E0      		ldi r24,lo8(1)
  54 0020 00D0      		rcall USI_SPI_SSn
  55 0022 00C0      		rjmp .L7
  56               	.LFE6:
  58               	.global	RANGE
  59               	.global	RANGE
  60               		.section .bss
  63               	RANGE:
  64 0000 00        		.skip 1,0
  89               	.Letext0:
DEFINED SYMBOLS
                            *ABS*:00000000 main.c
C:\Users\BILLBA~1\AppData\Local\Temp/ccPKjUM5.s:2      *ABS*:0000003f __SREG__
C:\Users\BILLBA~1\AppData\Local\Temp/ccPKjUM5.s:3      *ABS*:0000003e __SP_H__
C:\Users\BILLBA~1\AppData\Local\Temp/ccPKjUM5.s:4      *ABS*:0000003d __SP_L__
C:\Users\BILLBA~1\AppData\Local\Temp/ccPKjUM5.s:5      *ABS*:00000034 __CCP__
C:\Users\BILLBA~1\AppData\Local\Temp/ccPKjUM5.s:6      *ABS*:00000000 __tmp_reg__
C:\Users\BILLBA~1\AppData\Local\Temp/ccPKjUM5.s:7      *ABS*:00000001 __zero_reg__
C:\Users\BILLBA~1\AppData\Local\Temp/ccPKjUM5.s:18     .text:00000000 main
C:\Users\BILLBA~1\AppData\Local\Temp/ccPKjUM5.s:63     .bss:00000000 RANGE

UNDEFINED SYMBOLS
adc_init
USI_SPI_initslave
USI_SPI_SSn
USI_SPI_getc
USI_SPI_putc
USI_SPI_wait
__do_clear_bss
