   1               		.file	"main.c"
   2               	__SREG__ = 0x3f
   3               	__SP_H__ = 0x3e
   4               	__SP_L__ = 0x3d
   5               	__CCP__  = 0x34
   6               	__tmp_reg__ = 0
   7               	__zero_reg__ = 1
  15               	.Ltext0:
  16               	.global	main
  18               	main:
  19               	.LFB6:
  20               	.LM1:
  21               	/* prologue: function */
  22               	/* frame size = 0 */
  23               	.LM2:
  24 0000 00D0      		rcall adc_init
  25               	.LM3:
  26 0002 00D0      		rcall USI_SPI_initslave
  27               	.LM4:
  28               	/* #APP */
  29               	 ;  29 "main.c" 1
  30 0004 7894      		sei
  31               	 ;  0 "" 2
  32               	/* #NOAPP */
  33               	.L2:
  34 0006 00C0      		rjmp .L2
  35               	.LFE6:
  37               	.global	X_AXIS
  38               		.data
  41               	X_AXIS:
  42 0000 0A        		.byte	10
  43               	.global	Y_AXIS
  46               	Y_AXIS:
  47 0001 14        		.byte	20
  48               	.global	Z_AXIS
  51               	Z_AXIS:
  52 0002 1E        		.byte	30
  77               	.Letext0:
DEFINED SYMBOLS
                            *ABS*:00000000 main.c
C:\Users\BILLTA~1\AppData\Local\Temp/ccp5BAE8.s:2      *ABS*:0000003f __SREG__
C:\Users\BILLTA~1\AppData\Local\Temp/ccp5BAE8.s:3      *ABS*:0000003e __SP_H__
C:\Users\BILLTA~1\AppData\Local\Temp/ccp5BAE8.s:4      *ABS*:0000003d __SP_L__
C:\Users\BILLTA~1\AppData\Local\Temp/ccp5BAE8.s:5      *ABS*:00000034 __CCP__
C:\Users\BILLTA~1\AppData\Local\Temp/ccp5BAE8.s:6      *ABS*:00000000 __tmp_reg__
C:\Users\BILLTA~1\AppData\Local\Temp/ccp5BAE8.s:7      *ABS*:00000001 __zero_reg__
C:\Users\BILLTA~1\AppData\Local\Temp/ccp5BAE8.s:18     .text:00000000 main
C:\Users\BILLTA~1\AppData\Local\Temp/ccp5BAE8.s:41     .data:00000000 X_AXIS
C:\Users\BILLTA~1\AppData\Local\Temp/ccp5BAE8.s:46     .data:00000001 Y_AXIS
C:\Users\BILLTA~1\AppData\Local\Temp/ccp5BAE8.s:51     .data:00000002 Z_AXIS

UNDEFINED SYMBOLS
adc_init
USI_SPI_initslave
__do_copy_data
