   1               		.file	"main.c"
   2               	__SREG__ = 0x3f
   3               	__SP_H__ = 0x3e
   4               	__SP_L__ = 0x3d
   5               	__CCP__  = 0x34
   6               	__tmp_reg__ = 0
   7               	__zero_reg__ = 1
  15               	.Ltext0:
  16               	.global	main
  18               	main:
  19               	.LFB6:
  20               	.LM1:
  21               	/* prologue: function */
  22               	/* frame size = 0 */
  23               	.LM2:
  24 0000 00D0      		rcall adc_init
  25               	.LM3:
  26 0002 00D0      		rcall USI_SPI_initslave
  27               	.LM4:
  28               	/* #APP */
  29               	 ;  32 "main.c" 1
  30 0004 7894      		sei
  31               	 ;  0 "" 2
  32               	.LVL0:
  33               	/* #NOAPP */
  34               	.L8:
  35               	.LM5:
  36 0006 00D0      		rcall USI_SPI_getc
  37               	.LVL1:
  38               	.LM6:
  39 0008 8835      		cpi r24,lo8(88)
  40               	.LVL2:
  41 000a 01F4      		brne .L2
  42               	.LM7:
  43 000c 8091 0000 		lds r24,X_AXIS
  44               	.LVL3:
  45 0010 00C0      		rjmp .L9
  46               	.LVL4:
  47               	.L2:
  48               	.LM8:
  49 0012 8935      		cpi r24,lo8(89)
  50 0014 01F4      		brne .L4
  51               	.LM9:
  52 0016 8091 0000 		lds r24,Y_AXIS
  53               	.LVL5:
  54 001a 00C0      		rjmp .L9
  55               	.LVL6:
  56               	.L4:
  57               	.LM10:
  58 001c 8A35      		cpi r24,lo8(90)
  59 001e 01F4      		brne .L8
  60               	.LM11:
  61 0020 8091 0000 		lds r24,Z_AXIS
  62               	.LVL7:
  63               	.L9:
  64 0024 00D0      		rcall USI_SPI_putc
  65               	.LM12:
  66 0026 00D0      		rcall USI_SPI_wait
  67 0028 00C0      		rjmp .L8
  68               	.LFE6:
  70               	.global	X_AXIS
  71               		.data
  74               	X_AXIS:
  75 0000 0A        		.byte	10
  76               	.global	Y_AXIS
  79               	Y_AXIS:
  80 0001 14        		.byte	20
  81               	.global	Z_AXIS
  84               	Z_AXIS:
  85 0002 1E        		.byte	30
 110               	.Letext0:
DEFINED SYMBOLS
                            *ABS*:00000000 main.c
C:\Users\BILLBA~1\AppData\Local\Temp/ccyR6lRU.s:2      *ABS*:0000003f __SREG__
C:\Users\BILLBA~1\AppData\Local\Temp/ccyR6lRU.s:3      *ABS*:0000003e __SP_H__
C:\Users\BILLBA~1\AppData\Local\Temp/ccyR6lRU.s:4      *ABS*:0000003d __SP_L__
C:\Users\BILLBA~1\AppData\Local\Temp/ccyR6lRU.s:5      *ABS*:00000034 __CCP__
C:\Users\BILLBA~1\AppData\Local\Temp/ccyR6lRU.s:6      *ABS*:00000000 __tmp_reg__
C:\Users\BILLBA~1\AppData\Local\Temp/ccyR6lRU.s:7      *ABS*:00000001 __zero_reg__
C:\Users\BILLBA~1\AppData\Local\Temp/ccyR6lRU.s:18     .text:00000000 main
C:\Users\BILLBA~1\AppData\Local\Temp/ccyR6lRU.s:74     .data:00000000 X_AXIS
C:\Users\BILLBA~1\AppData\Local\Temp/ccyR6lRU.s:79     .data:00000001 Y_AXIS
C:\Users\BILLBA~1\AppData\Local\Temp/ccyR6lRU.s:84     .data:00000002 Z_AXIS

UNDEFINED SYMBOLS
adc_init
USI_SPI_initslave
USI_SPI_getc
USI_SPI_putc
USI_SPI_wait
__do_copy_data
