Archive member included because of file (symbol)

d:/ee programs/winavr-20100110/bin/../lib/gcc/avr/4.3.3/avr25\libgcc.a(_exit.o)
                              d:/ee programs/winavr-20100110/bin/../lib/gcc/avr/4.3.3/../../../../avr/lib/avr25/crttn24.o (exit)
d:/ee programs/winavr-20100110/bin/../lib/gcc/avr/4.3.3/avr25\libgcc.a(_copy_data.o)
                              main.o (__do_copy_data)
d:/ee programs/winavr-20100110/bin/../lib/gcc/avr/4.3.3/avr25\libgcc.a(_clear_bss.o)
                              usi.o (__do_clear_bss)

Allocating common symbols
Common symbol       size              file

USI_SPI_status      0x1               usi.o
storedUSIDR         0x1               usi.o

Memory Configuration

Name             Origin             Length             Attributes
text             0x00000000         0x00002000         xr
data             0x00800060         0x0000ffa0         rw !x
eeprom           0x00810000         0x00010000         rw !x
fuse             0x00820000         0x00000400         rw !x
lock             0x00830000         0x00000400         rw !x
signature        0x00840000         0x00000400         rw !x
*default*        0x00000000         0xffffffff

Linker script and memory map

LOAD d:/ee programs/winavr-20100110/bin/../lib/gcc/avr/4.3.3/../../../../avr/lib/avr25/crttn24.o
LOAD main.o
LOAD adc.o
LOAD usi.o
LOAD d:/ee programs/winavr-20100110/bin/../lib/gcc/avr/4.3.3/../../../../avr/lib/avr25\libm.a
LOAD d:/ee programs/winavr-20100110/bin/../lib/gcc/avr/4.3.3/avr25\libgcc.a
LOAD d:/ee programs/winavr-20100110/bin/../lib/gcc/avr/4.3.3/../../../../avr/lib/avr25\libc.a
LOAD d:/ee programs/winavr-20100110/bin/../lib/gcc/avr/4.3.3/avr25\libgcc.a

.hash
 *(.hash)

.dynsym
 *(.dynsym)

.dynstr
 *(.dynstr)

.gnu.version
 *(.gnu.version)

.gnu.version_d
 *(.gnu.version_d)

.gnu.version_r
 *(.gnu.version_r)

.rel.init
 *(.rel.init)

.rela.init
 *(.rela.init)

.rel.text
 *(.rel.text)
 *(.rel.text.*)
 *(.rel.gnu.linkonce.t*)

.rela.text
 *(.rela.text)
 *(.rela.text.*)
 *(.rela.gnu.linkonce.t*)

.rel.fini
 *(.rel.fini)

.rela.fini
 *(.rela.fini)

.rel.rodata
 *(.rel.rodata)
 *(.rel.rodata.*)
 *(.rel.gnu.linkonce.r*)

.rela.rodata
 *(.rela.rodata)
 *(.rela.rodata.*)
 *(.rela.gnu.linkonce.r*)

.rel.data
 *(.rel.data)
 *(.rel.data.*)
 *(.rel.gnu.linkonce.d*)

.rela.data
 *(.rela.data)
 *(.rela.data.*)
 *(.rela.gnu.linkonce.d*)

.rel.ctors
 *(.rel.ctors)

.rela.ctors
 *(.rela.ctors)

.rel.dtors
 *(.rel.dtors)

.rela.dtors
 *(.rela.dtors)

.rel.got
 *(.rel.got)

.rela.got
 *(.rela.got)

.rel.bss
 *(.rel.bss)

.rela.bss
 *(.rela.bss)

.rel.plt
 *(.rel.plt)

.rela.plt
 *(.rela.plt)

.text           0x00000000      0x22e
 *(.vectors)
 .vectors       0x00000000       0x22 d:/ee programs/winavr-20100110/bin/../lib/gcc/avr/4.3.3/../../../../avr/lib/avr25/crttn24.o
                0x00000000                __vectors
                0x00000000                __vector_default
 *(.vectors)
 *(.progmem.gcc*)
 *(.progmem*)
                0x00000022                . = ALIGN (0x2)
                0x00000022                __trampolines_start = .
 *(.trampolines)
 .trampolines   0x00000022        0x0 linker stubs
 *(.trampolines*)
                0x00000022                __trampolines_end = .
 *(.jumptables)
 *(.jumptables*)
 *(.lowtext)
 *(.lowtext*)
                0x00000022                __ctors_start = .
 *(.ctors)
                0x00000022                __ctors_end = .
                0x00000022                __dtors_start = .
 *(.dtors)
                0x00000022                __dtors_end = .
 SORT(*)(.ctors)
 SORT(*)(.dtors)
 *(.init0)
 .init0         0x00000022        0x0 d:/ee programs/winavr-20100110/bin/../lib/gcc/avr/4.3.3/../../../../avr/lib/avr25/crttn24.o
                0x00000022                __init
 *(.init0)
 *(.init1)
 *(.init1)
 *(.init2)
 .init2         0x00000022        0x8 d:/ee programs/winavr-20100110/bin/../lib/gcc/avr/4.3.3/../../../../avr/lib/avr25/crttn24.o
 *(.init2)
 *(.init3)
 *(.init3)
 *(.init4)
 .init4         0x0000002a       0x16 d:/ee programs/winavr-20100110/bin/../lib/gcc/avr/4.3.3/avr25\libgcc.a(_copy_data.o)
                0x0000002a                __do_copy_data
 .init4         0x00000040       0x10 d:/ee programs/winavr-20100110/bin/../lib/gcc/avr/4.3.3/avr25\libgcc.a(_clear_bss.o)
                0x00000040                __do_clear_bss
 *(.init4)
 *(.init5)
 *(.init5)
 *(.init6)
 *(.init6)
 *(.init7)
 *(.init7)
 *(.init8)
 *(.init8)
 *(.init9)
 .init9         0x00000050        0x4 d:/ee programs/winavr-20100110/bin/../lib/gcc/avr/4.3.3/../../../../avr/lib/avr25/crttn24.o
 *(.init9)
 *(.text)
 .text          0x00000054        0x2 d:/ee programs/winavr-20100110/bin/../lib/gcc/avr/4.3.3/../../../../avr/lib/avr25/crttn24.o
                0x00000054                __vector_1
                0x00000054                __vector_12
                0x00000054                __bad_interrupt
                0x00000054                __vector_6
                0x00000054                __vector_3
                0x00000054                __vector_11
                0x00000054                __vector_7
                0x00000054                __vector_5
                0x00000054                __vector_4
                0x00000054                __vector_2
                0x00000054                __vector_8
                0x00000054                __vector_14
                0x00000054                __vector_10
 .text          0x00000056       0x2a main.o
                0x00000056                main
 .text          0x00000080       0x74 adc.o
                0x0000009a                __vector_13
                0x00000080                adc_init
 .text          0x000000f4      0x136 usi.o
                0x000001c6                USI_SPI_putc
                0x00000194                USI_SPI_initslave
                0x00000158                USI_SPI_initmaster
                0x0000021a                USI_SPI_getc
                0x00000220                USI_SPI_wait
                0x000000f4                __vector_9
                0x0000010a                __vector_15
                0x0000011e                __vector_16
 .text          0x0000022a        0x0 d:/ee programs/winavr-20100110/bin/../lib/gcc/avr/4.3.3/avr25\libgcc.a(_exit.o)
 .text          0x0000022a        0x0 d:/ee programs/winavr-20100110/bin/../lib/gcc/avr/4.3.3/avr25\libgcc.a(_copy_data.o)
 .text          0x0000022a        0x0 d:/ee programs/winavr-20100110/bin/../lib/gcc/avr/4.3.3/avr25\libgcc.a(_clear_bss.o)
                0x0000022a                . = ALIGN (0x2)
 *(.text.*)
 .text.libgcc   0x0000022a        0x0 d:/ee programs/winavr-20100110/bin/../lib/gcc/avr/4.3.3/avr25\libgcc.a(_exit.o)
 .text.libgcc   0x0000022a        0x0 d:/ee programs/winavr-20100110/bin/../lib/gcc/avr/4.3.3/avr25\libgcc.a(_copy_data.o)
 .text.libgcc   0x0000022a        0x0 d:/ee programs/winavr-20100110/bin/../lib/gcc/avr/4.3.3/avr25\libgcc.a(_clear_bss.o)
                0x0000022a                . = ALIGN (0x2)
 *(.fini9)
 .fini9         0x0000022a        0x0 d:/ee programs/winavr-20100110/bin/../lib/gcc/avr/4.3.3/avr25\libgcc.a(_exit.o)
                0x0000022a                exit
                0x0000022a                _exit
 *(.fini9)
 *(.fini8)
 *(.fini8)
 *(.fini7)
 *(.fini7)
 *(.fini6)
 *(.fini6)
 *(.fini5)
 *(.fini5)
 *(.fini4)
 *(.fini4)
 *(.fini3)
 *(.fini3)
 *(.fini2)
 *(.fini2)
 *(.fini1)
 *(.fini1)
 *(.fini0)
 .fini0         0x0000022a        0x4 d:/ee programs/winavr-20100110/bin/../lib/gcc/avr/4.3.3/avr25\libgcc.a(_exit.o)
 *(.fini0)
                0x0000022e                _etext = .

.data           0x00800060        0x4 load address 0x0000022e
                0x00800060                PROVIDE (__data_start, .)
 *(.data)
 .data          0x00800060        0x0 d:/ee programs/winavr-20100110/bin/../lib/gcc/avr/4.3.3/../../../../avr/lib/avr25/crttn24.o
 .data          0x00800060        0x3 main.o
                0x00800062                Z_AXIS
                0x00800061                Y_AXIS
                0x00800060                X_AXIS
 .data          0x00800063        0x0 adc.o
 .data          0x00800063        0x0 usi.o
 .data          0x00800063        0x0 d:/ee programs/winavr-20100110/bin/../lib/gcc/avr/4.3.3/avr25\libgcc.a(_exit.o)
 .data          0x00800063        0x0 d:/ee programs/winavr-20100110/bin/../lib/gcc/avr/4.3.3/avr25\libgcc.a(_copy_data.o)
 .data          0x00800063        0x0 d:/ee programs/winavr-20100110/bin/../lib/gcc/avr/4.3.3/avr25\libgcc.a(_clear_bss.o)
 *(.data*)
 *(.rodata)
 *(.rodata*)
 *(.gnu.linkonce.d*)
                0x00800064                . = ALIGN (0x2)
 *fill*         0x00800063        0x1 00
                0x00800064                _edata = .
                0x00800064                PROVIDE (__data_end, .)

.bss            0x00800064        0x2
                0x00800064                PROVIDE (__bss_start, .)
 *(.bss)
 .bss           0x00800064        0x0 d:/ee programs/winavr-20100110/bin/../lib/gcc/avr/4.3.3/../../../../avr/lib/avr25/crttn24.o
 .bss           0x00800064        0x0 main.o
 .bss           0x00800064        0x0 adc.o
 .bss           0x00800064        0x0 usi.o
 .bss           0x00800064        0x0 d:/ee programs/winavr-20100110/bin/../lib/gcc/avr/4.3.3/avr25\libgcc.a(_exit.o)
 .bss           0x00800064        0x0 d:/ee programs/winavr-20100110/bin/../lib/gcc/avr/4.3.3/avr25\libgcc.a(_copy_data.o)
 .bss           0x00800064        0x0 d:/ee programs/winavr-20100110/bin/../lib/gcc/avr/4.3.3/avr25\libgcc.a(_clear_bss.o)
 *(.bss*)
 *(COMMON)
 COMMON         0x00800064        0x2 usi.o
                0x00800064                USI_SPI_status
                0x00800065                storedUSIDR
                0x00800066                PROVIDE (__bss_end, .)
                0x0000022e                __data_load_start = LOADADDR (.data)
                0x00000232                __data_load_end = (__data_load_start + SIZEOF (.data))

.noinit         0x00800066        0x0
                0x00800066                PROVIDE (__noinit_start, .)
 *(.noinit*)
                0x00800066                PROVIDE (__noinit_end, .)
                0x00800066                _end = .
                0x00800066                PROVIDE (__heap_start, .)

.eeprom         0x00810000        0x0
 *(.eeprom*)
                0x00810000                __eeprom_end = .

.fuse
 *(.fuse)
 *(.lfuse)
 *(.hfuse)
 *(.efuse)

.lock
 *(.lock*)

.signature
 *(.signature*)

.stab
 *(.stab)

.stabstr
 *(.stabstr)

.stab.excl
 *(.stab.excl)

.stab.exclstr
 *(.stab.exclstr)

.stab.index
 *(.stab.index)

.stab.indexstr
 *(.stab.indexstr)

.comment
 *(.comment)

.debug
 *(.debug)

.line
 *(.line)

.debug_srcinfo
 *(.debug_srcinfo)

.debug_sfnames
 *(.debug_sfnames)

.debug_aranges  0x00000000       0x60
 *(.debug_aranges)
 .debug_aranges
                0x00000000       0x20 main.o
 .debug_aranges
                0x00000020       0x20 adc.o
 .debug_aranges
                0x00000040       0x20 usi.o

.debug_pubnames
                0x00000000      0x12f
 *(.debug_pubnames)
 .debug_pubnames
                0x00000000       0x3c main.o
 .debug_pubnames
                0x0000003c       0x2f adc.o
 .debug_pubnames
                0x0000006b       0xc4 usi.o

.debug_info     0x00000000      0x313
 *(.debug_info)
 .debug_info    0x00000000       0xcc main.o
 .debug_info    0x000000cc       0xb9 adc.o
 .debug_info    0x00000185      0x18e usi.o
 *(.gnu.linkonce.wi.*)

.debug_abbrev   0x00000000      0x17d
 *(.debug_abbrev)
 .debug_abbrev  0x00000000       0x6a main.o
 .debug_abbrev  0x0000006a       0x57 adc.o
 .debug_abbrev  0x000000c1       0xbc usi.o

.debug_line     0x00000000      0x37c
 *(.debug_line)
 .debug_line    0x00000000       0xa8 main.o
 .debug_line    0x000000a8       0xf5 adc.o
 .debug_line    0x0000019d      0x1df usi.o

.debug_frame    0x00000000       0xe0
 *(.debug_frame)
 .debug_frame   0x00000000       0x20 main.o
 .debug_frame   0x00000020       0x30 adc.o
 .debug_frame   0x00000050       0x90 usi.o

.debug_str      0x00000000      0x188
 *(.debug_str)
 .debug_str     0x00000000       0xa0 main.o
                                 0xd9 (size before relaxing)
 .debug_str     0x000000a0       0x1b adc.o
                                 0xe8 (size before relaxing)
 .debug_str     0x000000bb       0xcd usi.o
                                0x185 (size before relaxing)

.debug_loc      0x00000000       0x52
 *(.debug_loc)
 .debug_loc     0x00000000       0x34 main.o
 .debug_loc     0x00000034       0x1e usi.o

.debug_macinfo
 *(.debug_macinfo)
OUTPUT(main.elf elf32-avr)
LOAD linker stubs

Cross Reference Table

Symbol                                            File
USI_SPI_getc                                      usi.o
                                                  main.o
USI_SPI_initmaster                                usi.o
USI_SPI_initslave                                 usi.o
                                                  main.o
USI_SPI_putc                                      usi.o
                                                  main.o
USI_SPI_status                                    usi.o
USI_SPI_wait                                      usi.o
                                                  main.o
X_AXIS                                            main.o
                                                  adc.o
Y_AXIS                                            main.o
                                                  adc.o
Z_AXIS                                            main.o
                                                  adc.o
__bad_interrupt                                   d:/ee programs/winavr-20100110/bin/../lib/gcc/avr/4.3.3/../../../../avr/lib/avr25/crttn24.o
__bss_end                                         d:/ee programs/winavr-20100110/bin/../lib/gcc/avr/4.3.3/avr25\libgcc.a(_clear_bss.o)
__bss_start                                       d:/ee programs/winavr-20100110/bin/../lib/gcc/avr/4.3.3/avr25\libgcc.a(_clear_bss.o)
__data_end                                        d:/ee programs/winavr-20100110/bin/../lib/gcc/avr/4.3.3/avr25\libgcc.a(_copy_data.o)
__data_load_start                                 d:/ee programs/winavr-20100110/bin/../lib/gcc/avr/4.3.3/avr25\libgcc.a(_copy_data.o)
__data_start                                      d:/ee programs/winavr-20100110/bin/../lib/gcc/avr/4.3.3/avr25\libgcc.a(_copy_data.o)
__do_clear_bss                                    d:/ee programs/winavr-20100110/bin/../lib/gcc/avr/4.3.3/avr25\libgcc.a(_clear_bss.o)
                                                  usi.o
__do_copy_data                                    d:/ee programs/winavr-20100110/bin/../lib/gcc/avr/4.3.3/avr25\libgcc.a(_copy_data.o)
                                                  main.o
__heap_end                                        d:/ee programs/winavr-20100110/bin/../lib/gcc/avr/4.3.3/../../../../avr/lib/avr25/crttn24.o
__init                                            d:/ee programs/winavr-20100110/bin/../lib/gcc/avr/4.3.3/../../../../avr/lib/avr25/crttn24.o
__stack                                           d:/ee programs/winavr-20100110/bin/../lib/gcc/avr/4.3.3/../../../../avr/lib/avr25/crttn24.o
__vector_1                                        d:/ee programs/winavr-20100110/bin/../lib/gcc/avr/4.3.3/../../../../avr/lib/avr25/crttn24.o
__vector_10                                       d:/ee programs/winavr-20100110/bin/../lib/gcc/avr/4.3.3/../../../../avr/lib/avr25/crttn24.o
__vector_11                                       d:/ee programs/winavr-20100110/bin/../lib/gcc/avr/4.3.3/../../../../avr/lib/avr25/crttn24.o
__vector_12                                       d:/ee programs/winavr-20100110/bin/../lib/gcc/avr/4.3.3/../../../../avr/lib/avr25/crttn24.o
__vector_13                                       adc.o
                                                  d:/ee programs/winavr-20100110/bin/../lib/gcc/avr/4.3.3/../../../../avr/lib/avr25/crttn24.o
__vector_14                                       d:/ee programs/winavr-20100110/bin/../lib/gcc/avr/4.3.3/../../../../avr/lib/avr25/crttn24.o
__vector_15                                       usi.o
                                                  d:/ee programs/winavr-20100110/bin/../lib/gcc/avr/4.3.3/../../../../avr/lib/avr25/crttn24.o
__vector_16                                       usi.o
                                                  d:/ee programs/winavr-20100110/bin/../lib/gcc/avr/4.3.3/../../../../avr/lib/avr25/crttn24.o
__vector_2                                        d:/ee programs/winavr-20100110/bin/../lib/gcc/avr/4.3.3/../../../../avr/lib/avr25/crttn24.o
__vector_3                                        d:/ee programs/winavr-20100110/bin/../lib/gcc/avr/4.3.3/../../../../avr/lib/avr25/crttn24.o
__vector_4                                        d:/ee programs/winavr-20100110/bin/../lib/gcc/avr/4.3.3/../../../../avr/lib/avr25/crttn24.o
__vector_5                                        d:/ee programs/winavr-20100110/bin/../lib/gcc/avr/4.3.3/../../../../avr/lib/avr25/crttn24.o
__vector_6                                        d:/ee programs/winavr-20100110/bin/../lib/gcc/avr/4.3.3/../../../../avr/lib/avr25/crttn24.o
__vector_7                                        d:/ee programs/winavr-20100110/bin/../lib/gcc/avr/4.3.3/../../../../avr/lib/avr25/crttn24.o
__vector_8                                        d:/ee programs/winavr-20100110/bin/../lib/gcc/avr/4.3.3/../../../../avr/lib/avr25/crttn24.o
__vector_9                                        usi.o
                                                  d:/ee programs/winavr-20100110/bin/../lib/gcc/avr/4.3.3/../../../../avr/lib/avr25/crttn24.o
__vector_default                                  d:/ee programs/winavr-20100110/bin/../lib/gcc/avr/4.3.3/../../../../avr/lib/avr25/crttn24.o
__vectors                                         d:/ee programs/winavr-20100110/bin/../lib/gcc/avr/4.3.3/../../../../avr/lib/avr25/crttn24.o
_exit                                             d:/ee programs/winavr-20100110/bin/../lib/gcc/avr/4.3.3/avr25\libgcc.a(_exit.o)
adc_init                                          adc.o
                                                  main.o
exit                                              d:/ee programs/winavr-20100110/bin/../lib/gcc/avr/4.3.3/avr25\libgcc.a(_exit.o)
                                                  d:/ee programs/winavr-20100110/bin/../lib/gcc/avr/4.3.3/../../../../avr/lib/avr25/crttn24.o
main                                              main.o
                                                  d:/ee programs/winavr-20100110/bin/../lib/gcc/avr/4.3.3/../../../../avr/lib/avr25/crttn24.o
storedUSIDR                                       usi.o
